Component: ARM Compiler 5.06 update 6 (build 750) Tool: armlink [4d35ed]

==============================================================================

Section Cross References

    startup_stm32f215xx.o(RESET) refers to startup_stm32f215xx.o(STACK) for __initial_sp
    startup_stm32f215xx.o(RESET) refers to startup_stm32f215xx.o(.text) for Reset_Handler
    startup_stm32f215xx.o(RESET) refers to stm32f2xx_it.o(i.NMI_Handler) for NMI_Handler
    startup_stm32f215xx.o(RESET) refers to stm32f2xx_it.o(i.HardFault_Handler) for HardFault_Handler
    startup_stm32f215xx.o(RESET) refers to stm32f2xx_it.o(i.MemManage_Handler) for MemManage_Handler
    startup_stm32f215xx.o(RESET) refers to stm32f2xx_it.o(i.BusFault_Handler) for BusFault_Handler
    startup_stm32f215xx.o(RESET) refers to stm32f2xx_it.o(i.UsageFault_Handler) for UsageFault_Handler
    startup_stm32f215xx.o(RESET) refers to port.o(.emb_text) for SVC_Handler
    startup_stm32f215xx.o(RESET) refers to stm32f2xx_it.o(i.DebugMon_Handler) for DebugMon_Handler
    startup_stm32f215xx.o(RESET) refers to port.o(i.SysTick_Handler) for SysTick_Handler
    startup_stm32f215xx.o(RESET) refers to stm32f2xx_it.o(i.DMA1_Stream0_IRQHandler) for DMA1_Stream0_IRQHandler
    startup_stm32f215xx.o(RESET) refers to stm32f2xx_it.o(i.DMA1_Stream5_IRQHandler) for DMA1_Stream5_IRQHandler
    startup_stm32f215xx.o(RESET) refers to stm32f2xx_it.o(i.TIM1_UP_TIM10_IRQHandler) for TIM1_UP_TIM10_IRQHandler
    startup_stm32f215xx.o(RESET) refers to stm32f2xx_it.o(i.DMA2_Stream0_IRQHandler) for DMA2_Stream0_IRQHandler
    startup_stm32f215xx.o(RESET) refers to stm32f2xx_it.o(i.DMA2_Stream2_IRQHandler) for DMA2_Stream2_IRQHandler
    startup_stm32f215xx.o(RESET) refers to stm32f2xx_it.o(i.DMA2_Stream3_IRQHandler) for DMA2_Stream3_IRQHandler
    startup_stm32f215xx.o(RESET) refers to stm32f2xx_it.o(i.DMA2_Stream7_IRQHandler) for DMA2_Stream7_IRQHandler
    startup_stm32f215xx.o(RESET) refers to stm32f2xx_it.o(i.OTG_HS_IRQHandler) for OTG_HS_IRQHandler
    startup_stm32f215xx.o(.text) refers to system_stm32f2xx.o(i.SystemInit) for SystemInit
    startup_stm32f215xx.o(.text) refers to entry.o(.ARM.Collect$$$$00000000) for __main
    main.o(i.HAL_TIM_PeriodElapsedCallback) refers to stm32f2xx_hal.o(i.HAL_IncTick) for HAL_IncTick
    main.o(i.SystemClock_Config) refers to memseta.o(.text) for __aeabi_memclr4
    main.o(i.SystemClock_Config) refers to stm32f2xx_hal_rcc.o(i.HAL_RCC_OscConfig) for HAL_RCC_OscConfig
    main.o(i.SystemClock_Config) refers to stm32f2xx_hal_rcc.o(i.HAL_RCC_ClockConfig) for HAL_RCC_ClockConfig
    main.o(i.SystemClock_Config) refers to stm32f2xx_hal_rcc.o(i.HAL_RCC_EnableCSS) for HAL_RCC_EnableCSS
    main.o(i.main) refers to stm32f2xx_hal.o(i.HAL_Init) for HAL_Init
    main.o(i.main) refers to main.o(i.SystemClock_Config) for SystemClock_Config
    main.o(i.main) refers to gpio.o(i.MX_GPIO_Init) for MX_GPIO_Init
    main.o(i.main) refers to dma.o(i.MX_DMA_Init) for MX_DMA_Init
    main.o(i.main) refers to can.o(i.MX_CAN1_Init) for MX_CAN1_Init
    main.o(i.main) refers to fsmc.o(i.MX_FSMC_Init) for MX_FSMC_Init
    main.o(i.main) refers to spi.o(i.MX_SPI1_Init) for MX_SPI1_Init
    main.o(i.main) refers to spi.o(i.MX_SPI3_Init) for MX_SPI3_Init
    main.o(i.main) refers to usart.o(i.MX_USART1_UART_Init) for MX_USART1_UART_Init
    main.o(i.main) refers to freertos.o(i.MX_FREERTOS_Init) for MX_FREERTOS_Init
    main.o(i.main) refers to cmsis_os2.o(i.osKernelStart) for osKernelStart
    gpio.o(i.MX_GPIO_Init) refers to memseta.o(.text) for __aeabi_memclr4
    gpio.o(i.MX_GPIO_Init) refers to stm32f2xx_hal_gpio.o(i.HAL_GPIO_WritePin) for HAL_GPIO_WritePin
    gpio.o(i.MX_GPIO_Init) refers to stm32f2xx_hal_gpio.o(i.HAL_GPIO_Init) for HAL_GPIO_Init
    can.o(i.HAL_CAN_MspDeInit) refers to stm32f2xx_hal_gpio.o(i.HAL_GPIO_DeInit) for HAL_GPIO_DeInit
    can.o(i.HAL_CAN_MspInit) refers to memseta.o(.text) for __aeabi_memclr4
    can.o(i.HAL_CAN_MspInit) refers to stm32f2xx_hal_gpio.o(i.HAL_GPIO_Init) for HAL_GPIO_Init
    can.o(i.MX_CAN1_Init) refers to stm32f2xx_hal_can.o(i.HAL_CAN_Init) for HAL_CAN_Init
    can.o(i.MX_CAN1_Init) refers to main.o(i.Error_Handler) for Error_Handler
    can.o(i.MX_CAN1_Init) refers to can.o(.bss) for .bss
    dma.o(i.MX_DMA_Init) refers to stm32f2xx_hal_cortex.o(i.HAL_NVIC_SetPriority) for HAL_NVIC_SetPriority
    dma.o(i.MX_DMA_Init) refers to stm32f2xx_hal_cortex.o(i.HAL_NVIC_EnableIRQ) for HAL_NVIC_EnableIRQ
    freertos.o(i.MX_FREERTOS_Init) refers to cmsis_os2.o(i.osKernelInitialize) for osKernelInitialize
    freertos.o(i.MX_FREERTOS_Init) refers to memcpya.o(.text) for __aeabi_memcpy4
    freertos.o(i.MX_FREERTOS_Init) refers to cmsis_os2.o(i.osThreadNew) for osThreadNew
    freertos.o(i.MX_FREERTOS_Init) refers to freertos.o(.constdata) for .constdata
    freertos.o(i.MX_FREERTOS_Init) refers to freertos.o(i.StartDefaultTask) for StartDefaultTask
    freertos.o(i.MX_FREERTOS_Init) refers to freertos.o(.data) for .data
[...]
    i.xTimerGenericCommand                   0x080059bc   Section        0  timers.o(i.xTimerGenericCommand)
    .constdata                               0x08005a24   Section       36  freertos.o(.constdata)
    .constdata                               0x08005a48   Section        8  stm32f2xx_hal_dma.o(.constdata)
    flagBitshiftOffset                       0x08005a48   Data           8  stm32f2xx_hal_dma.o(.constdata)
    .constdata                               0x08005a50   Section       16  system_stm32f2xx.o(.constdata)
    .constdata                               0x08005a60   Section        8  system_stm32f2xx.o(.constdata)
    .conststring                             0x08005a68   Section       12  freertos.o(.conststring)
    .data                                    0x20000000   Section        4  freertos.o(.data)
    .data                                    0x20000004   Section        8  fsmc.o(.data)
    FSMC_Initialized                         0x20000004   Data           4  fsmc.o(.data)
    FSMC_DeInitialized                       0x20000008   Data           4  fsmc.o(.data)
    .data                                    0x2000000c   Section       28  usbd_desc.o(.data)
    .data                                    0x20000028   Section       50  usbd_desc.o(.data)
    .data                                    0x2000005c   Section       16  usbd_cdc_if.o(.data)
    .data                                    0x2000006c   Section       12  stm32f2xx_hal.o(.data)
    .data                                    0x20000078   Section        4  system_stm32f2xx.o(.data)
    .data                                    0x2000007c   Section       60  tasks.o(.data)
    pxDelayedTaskList                        0x20000080   Data           4  tasks.o(.data)
    pxOverflowDelayedTaskList                0x20000084   Data           4  tasks.o(.data)
    uxDeletedTasksWaitingCleanUp             0x20000088   Data           4  tasks.o(.data)
    uxCurrentNumberOfTasks                   0x2000008c   Data           4  tasks.o(.data)
    xTickCount                               0x20000090   Data           4  tasks.o(.data)
    uxTopReadyPriority                       0x20000094   Data           4  tasks.o(.data)
    xSchedulerRunning                        0x20000098   Data           4  tasks.o(.data)
    uxPendedTicks                            0x2000009c   Data           4  tasks.o(.data)
    xYieldPending                            0x200000a0   Data           4  tasks.o(.data)
    xNumOfOverflows                          0x200000a4   Data           4  tasks.o(.data)
    uxTaskNumber                             0x200000a8   Data           4  tasks.o(.data)
    xNextTaskUnblockTime                     0x200000ac   Data           4  tasks.o(.data)
    xIdleTaskHandle                          0x200000b0   Data           4  tasks.o(.data)
    uxSchedulerSuspended                     0x200000b4   Data           4  tasks.o(.data)
    .data                                    0x200000b8   Section       20  timers.o(.data)
    pxCurrentTimerList                       0x200000b8   Data           4  timers.o(.data)
    pxOverflowTimerList                      0x200000bc   Data           4  timers.o(.data)
    xTimerQueue                              0x200000c0   Data           4  timers.o(.data)
    xTimerTaskHandle                         0x200000c4   Data           4  timers.o(.data)
    xLastTime                                0x200000c8   Data           4  timers.o(.data)
    .data                                    0x200000cc   Section        4  cmsis_os2.o(.data)
    KernelState                              0x200000cc   Data           4  cmsis_os2.o(.data)
    .data                                    0x200000d0   Section       24  heap_4.o(.data)
    pxEnd                                    0x200000d0   Data           4  heap_4.o(.data)
    xFreeBytesRemaining                      0x200000d4   Data           4  heap_4.o(.data)
    xMinimumEverFreeBytesRemaining           0x200000d8   Data           4  heap_4.o(.data)
    xBlockAllocatedBit                       0x200000dc   Data           4  heap_4.o(.data)
    xStart                                   0x200000e0   Data           8  heap_4.o(.data)
    .data                                    0x200000e8   Section       12  port.o(.data)
    ucMaxSysCallPriority                     0x200000e8   Data           1  port.o(.data)
    uxCriticalNesting                        0x200000ec   Data           4  port.o(.data)
    ulMaxPRIGROUPValue                       0x200000f0   Data           4  port.o(.data)
    .data                                    0x200000f4   Section        1  usbd_ctlreq.o(.data)
    cfgidx                                   0x200000f4   Data           1  usbd_ctlreq.o(.data)
    .data                                    0x200000f8   Section      215  usbd_cdc.o(.data)
    USBD_CDC_DeviceQualifierDesc             0x200000f8   Data          10  usbd_cdc.o(.data)
    .data                                    0x200001d0   Section       56  usbd_cdc.o(.data)
    .data                                    0x20000208   Section        4  mvars.o(.data)
    .data                                    0x2000020c   Section        4  mvars.o(.data)
    .bss                                     0x20000210   Section       40  can.o(.bss)
    .bss                                     0x20000238   Section       64  fsmc.o(.bss)
    .bss                                     0x20000278   Section      560  spi.o(.bss)
    .bss                                     0x200004a8   Section       64  stm32f2xx_hal_timebase_tim.o(.bss)
    .bss                                     0x200004e8   Section      256  usart.o(.bss)
    .bss                                     0x200005e8   Section      708  usb_device.o(.bss)
    .bss                                     0x200008ac   Section     1024  usbd_conf.o(.bss)
    .bss                                     0x20000cac   Section      512  usbd_desc.o(.bss)
    .bss                                     0x20000eac   Section     4096  usbd_cdc_if.o(.bss)
    .bss                                     0x20001eac   Section       64  queue.o(.bss)
    .bss                                     0x20001eec   Section     1220  tasks.o(.bss)
    pxReadyTasksLists                        0x20001eec   Data        1120  tasks.o(.bss)
    xDelayedTaskList1                        0x2000234c   Data          20  tasks.o(.bss)
    xDelayedTaskList2                        0x20002360   Data          20  tasks.o(.bss)
    xPendingReadyList                        0x20002374   Data          20  tasks.o(.bss)
    xTasksWaitingTermination                 0x20002388   Data          20  tasks.o(.bss)
    xSuspendedTaskList                       0x2000239c   Data          20  tasks.o(.bss)
    .bss                                     0x200023b0   Section      280  timers.o(.bss)
    xActiveTimerList1                        0x200023b0   Data          20  timers.o(.bss)
    xActiveTimerList2                        0x200023c4   Data          20  timers.o(.bss)
    xStaticTimerQueue                        0x200023d8   Data          80  timers.o(.bss)
    ucStaticTimerQueueStorage                0x20002428   Data         160  timers.o(.bss)
    .bss                                     0x200024c8   Section     1720  cmsis_os2.o(.bss)
    Idle_TCB                                 0x200024c8   Data          92  cmsis_os2.o(.bss)
    Idle_Stack                               0x20002524   Data         512  cmsis_os2.o(.bss)
    Timer_TCB                                0x20002724   Data          92  cmsis_os2.o(.bss)
    Timer_Stack                              0x20002780   Data        1024  cmsis_os2.o(.bss)
    .bss                                     0x20002b80   Section    15360  heap_4.o(.bss)
    ucHeap                                   0x20002b80   Data       15360  heap_4.o(.bss)
    HEAP                                     0x20006780   Section      512  startup_stm32f215xx.o(HEAP)
    STACK                                    0x20006980   Section     1024  startup_stm32f215xx.o(STACK)

    Global Symbols

    Symbol Name                              Value     Ov Type        Size  Object(Section)

    BuildAttributes$$THM_ISAv4$P$D$K$B$S$PE$A:L22UL41UL21$X:L11$S22US41US21$IEEE1$IW$USESV6$~STKCKD$USESV7$~SHL$OSPACE$EBA8$MICROLIB$REQ8$PRES8$EABIv2 0x00000000   Number         0  anon$$obj.o ABSOLUTE
    __ARM_use_no_argv                        0x00000000   Number         0  main.o ABSOLUTE
    __cpp_initialize__aeabi_                  - Undefined Weak Reference
    __cxa_finalize                            - Undefined Weak Reference
    _clock_init                               - Undefined Weak Reference
    _microlib_exit                            - Undefined Weak Reference
    __Vectors_Size                           0x00000184   Number         0  startup_stm32f215xx.o ABSOLUTE
    __Vectors                                0x08000000   Data           4  startup_stm32f215xx.o(RESET)
    __Vectors_End                            0x08000184   Data           0  startup_stm32f215xx.o(RESET)
    __main                                   0x08000185   Thumb Code     0  entry.o(.ARM.Collect$$$$00000000)
    _main_stk                                0x08000185   Thumb Code     0  entry2.o(.ARM.Collect$$$$00000001)
    _main_scatterload                        0x08000189   Thumb Code     0  entry5.o(.ARM.Collect$$$$00000004)
    __main_after_scatterload                 0x0800018d   Thumb Code     0  entry5.o(.ARM.Collect$$$$00000004)
    _main_clock                              0x0800018d   Thumb Code     0  entry7b.o(.ARM.Collect$$$$00000008)
    _main_cpp_init                           0x0800018d   Thumb Code     0  entry8b.o(.ARM.Collect$$$$0000000A)
    _main_init                               0x0800018d   Thumb Code     0  entry9a.o(.ARM.Collect$$$$0000000B)
    __rt_final_cpp                           0x08000195   Thumb Code     0  entry10a.o(.ARM.Collect$$$$0000000D)
    __rt_final_exit                          0x08000195   Thumb Code     0  entry11a.o(.ARM.Collect$$$$0000000F)
    SVC_Handler                              0x08000199   Thumb Code    32  port.o(.emb_text)
    __asm___6_port_c_39a90d8d__prvStartFirstTask 0x080001bd   Thumb Code    28  port.o(.emb_text)
    PendSV_Handler                           0x080001dd   Thumb Code    72  port.o(.emb_text)
    vPortGetIPSR                             0x08000229   Thumb Code     6  port.o(.emb_text)
    Reset_Handler                            0x08000231   Thumb Code     8  startup_stm32f215xx.o(.text)
    ADC_IRQHandler                           0x0800024b   Thumb Code     0  startup_stm32f215xx.o(.text)
    CAN1_RX0_IRQHandler                      0x0800024b   Thumb Code     0  startup_stm32f215xx.o(.text)
    CAN1_RX1_IRQHandler                      0x0800024b   Thumb Code     0  startup_stm32f215xx.o(.text)
    CAN1_SCE_IRQHandler                      0x0800024b   Thumb Code     0  startup_stm32f215xx.o(.text)
    CAN1_TX_IRQHandler                       0x0800024b   Thumb Code     0  startup_stm32f215xx.o(.text)
    CAN2_RX0_IRQHandler                      0x0800024b   Thumb Code     0  startup_stm32f215xx.o(.text)
    CAN2_RX1_IRQHandler                      0x0800024b   Thumb Code     0  startup_stm32f215xx.o(.text)
    CAN2_SCE_IRQHandler                      0x0800024b   Thumb Code     0  startup_stm32f215xx.o(.text)
    CAN2_TX_IRQHandler                       0x0800024b   Thumb Code     0  startup_stm32f215xx.o(.text)
    CRYP_IRQHandler                          0x0800024b   Thumb Code     0  startup_stm32f215xx.o(.text)
    DMA1_Stream1_IRQHandler                  0x0800024b   Thumb Code     0  startup_stm32f215xx.o(.text)
    DMA1_Stream2_IRQHandler                  0x0800024b   Thumb Code     0  startup_stm32f215xx.o(.text)
    DMA1_Stream3_IRQHandler                  0x0800024b   Thumb Code     0  startup_stm32f215xx.o(.text)
    DMA1_Stream4_IRQHandler                  0x0800024b   Thumb Code     0  startup_stm32f215xx.o(.text)
    DMA1_Stream6_IRQHandler                  0x0800024b   Thumb Code     0  startup_stm32f215xx.o(.text)
    DMA1_Stream7_IRQHandler                  0x0800024b   Thumb Code     0  startup_stm32f215xx.o(.text)
    DMA2_Stream1_IRQHandler                  0x0800024b   Thumb Code     0  startup_stm32f215xx.o(.text)
    DMA2_Stream4_IRQHandler                  0x0800024b   Thumb Code     0  startup_stm32f215xx.o(.text)
    DMA2_Stream5_IRQHandler                  0x0800024b   Thumb Code     0  startup_stm32f215xx.o(.text)
    DMA2_Stream6_IRQHandler                  0x0800024b   Thumb Code     0  startup_stm32f215xx.o(.text)
    EXTI0_IRQHandler                         0x0800024b   Thumb Code     0  startup_stm32f215xx.o(.text)
    EXTI15_10_IRQHandler                     0x0800024b   Thumb Code     0  startup_stm32f215xx.o(.text)
    EXTI1_IRQHandler                         0x0800024b   Thumb Code     0  startup_stm32f215xx.o(.text)
    EXTI2_IRQHandler                         0x0800024b   Thumb Code     0  startup_stm32f215xx.o(.text)
    EXTI3_IRQHandler                         0x0800024b   Thumb Code     0  startup_stm32f215xx.o(.text)
    EXTI4_IRQHandler                         0x0800024b   Thumb Code     0  startup_stm32f215xx.o(.text)
    EXTI9_5_IRQHandler                       0x0800024b   Thumb Code     0  startup_stm32f215xx.o(.text)
    FLASH_IRQHandler                         0x0800024b   Thumb Code     0  startup_stm32f215xx.o(.text)
    FSMC_IRQHandler                          0x0800024b   Thumb Code     0  startup_stm32f215xx.o(.text)
    HASH_RNG_IRQHandler                      0x0800024b   Thumb Code     0  startup_stm32f215xx.o(.text)
    I2C1_ER_IRQHandler                       0x0800024b   Thumb Code     0  startup_stm32f215xx.o(.text)
    I2C1_EV_IRQHandler                       0x0800024b   Thumb Code     0  startup_stm32f215xx.o(.text)
    I2C2_ER_IRQHandler                       0x0800024b   Thumb Code     0  startup_stm32f215xx.o(.text)
    I2C2_EV_IRQHandler                       0x0800024b   Thumb Code     0  startup_stm32f215xx.o(.text)
    I2C3_ER_IRQHandler                       0x0800024b   Thumb Code     0  startup_stm32f215xx.o(.text)
    I2C3_EV_IRQHandler                       0x0800024b   Thumb Code     0  startup_stm32f215xx.o(.text)
    OTG_FS_IRQHandler                        0x0800024b   Thumb Code     0  startup_stm32f215xx.o(.text)
    OTG_FS_WKUP_IRQHandler                   0x0800024b   Thumb Code     0  startup_stm32f215xx.o(.text)
    OTG_HS_EP1_IN_IRQHandler                 0x0800024b   Thumb Code     0  startup_stm32f215xx.o(.text)
    OTG_HS_EP1_OUT_IRQHandler                0x0800024b   Thumb Code     0  startup_stm32f215xx.o(.text)
    OTG_HS_WKUP_IRQHandler                   0x0800024b   Thumb Code     0  startup_stm32f215xx.o(.text)
    PVD_IRQHandler                           0x0800024b   Thumb Code     0  startup_stm32f215xx.o(.text)
    RCC_IRQHandler                           0x0800024b   Thumb Code     0  startup_stm32f215xx.o(.text)
    RTC_Alarm_IRQHandler                     0x0800024b   Thumb Code     0  startup_stm32f215xx.o(.text)
    RTC_WKUP_IRQHandler                      0x0800024b   Thumb Code     0  startup_stm32f215xx.o(.text)
    SDIO_IRQHandler                          0x0800024b   Thumb Code     0  startup_stm32f215xx.o(.text)
    SPI1_IRQHandler                          0x0800024b   Thumb Code     0  startup_stm32f215xx.o(.text)
    SPI2_IRQHandler                          0x0800024b   Thumb Code     0  startup_stm32f215xx.o(.text)
    SPI3_IRQHandler                          0x0800024b   Thumb Code     0  startup_stm32f215xx.o(.text)
    TAMP_STAMP_IRQHandler                    0x0800024b   Thumb Code     0  startup_stm32f215xx.o(.text)
    TIM1_BRK_TIM9_IRQHandler                 0x0800024b   Thumb Code     0  startup_stm32f215xx.o(.text)
    TIM1_CC_IRQHandler                       0x0800024b   Thumb Code     0  startup_stm32f215xx.o(.text)
    TIM1_TRG_COM_TIM11_IRQHandler            0x0800024b   Thumb Code     0  startup_stm32f215xx.o(.text)
    TIM2_IRQHandler                          0x0800024b   Thumb Code     0  startup_stm32f215xx.o(.text)
    TIM3_IRQHandler                          0x0800024b   Thumb Code     0  startup_stm32f215xx.o(.text)
    TIM4_IRQHandler                          0x0800024b   Thumb Code     0  startup_stm32f215xx.o(.text)
    TIM5_IRQHandler                          0x0800024b   Thumb Code     0  startup_stm32f215xx.o(.text)
    TIM6_DAC_IRQHandler                      0x0800024b   Thumb Code     0  startup_stm32f215xx.o(.text)
    TIM7_IRQHandler                          0x0800024b   Thumb Code     0  startup_stm32f215xx.o(.text)
    TIM8_BRK_TIM12_IRQHandler                0x0800024b   Thumb Code     0  startup_stm32f215xx.o(.text)
    TIM8_CC_IRQHandler                       0x0800024b   Thumb Code     0  startup_stm32f215xx.o(.text)
    TIM8_TRG_COM_TIM14_IRQHandler            0x0800024b   Thumb Code     0  startup_stm32f215xx.o(.text)
    TIM8_UP_TIM13_IRQHandler                 0x0800024b   Thumb Code     0  startup_stm32f215xx.o(.text)
    UART4_IRQHandler                         0x0800024b   Thumb Code     0  startup_stm32f215xx.o(.text)
    UART5_IRQHandler                         0x0800024b   Thumb Code     0  startup_stm32f215xx.o(.text)
    USART1_IRQHandler                        0x0800024b   Thumb Code     0  startup_stm32f215xx.o(.text)
    USART2_IRQHandler                        0x0800024b   Thumb Code     0  startup_stm32f215xx.o(.text)
    USART3_IRQHandler                        0x0800024b   Thumb Code     0  startup_stm32f215xx.o(.text)
    USART6_IRQHandler                        0x0800024b   Thumb Code     0  startup_stm32f215xx.o(.text)
    WWDG_IRQHandler                          0x0800024b   Thumb Code     0  startup_stm32f215xx.o(.text)
    __aeabi_uldivmod                         0x08000255   Thumb Code    98  uldiv.o(.text)
    __aeabi_memcpy                           0x080002b7   Thumb Code    36  memcpya.o(.text)
    __aeabi_memcpy4                          0x080002b7   Thumb Code     0  memcpya.o(.text)
    __aeabi_memcpy8                          0x080002b7   Thumb Code     0  memcpya.o(.text)
    __aeabi_memset                           0x080002db   Thumb Code    14  memseta.o(.text)
    __aeabi_memset4                          0x080002db   Thumb Code     0  memseta.o(.text)
    __aeabi_memset8                          0x080002db   Thumb Code     0  memseta.o(.text)
    __aeabi_memclr                           0x080002e9   Thumb Code     4  memseta.o(.text)
    __aeabi_memclr4                          0x080002e9   Thumb Code     0  memseta.o(.text)
    __aeabi_memclr8                          0x080002e9   Thumb Code     0  memseta.o(.text)
    memset                                   0x080002ed   Thumb Code    18  memseta.o(.text)
    __aeabi_llsl                             0x080002ff   Thumb Code    30  llshl.o(.text)
    _ll_shift_l                              0x080002ff   Thumb Code     0  llshl.o(.text)
    __aeabi_llsr                             0x0800031d   Thumb Code    32  llushr.o(.text)
    _ll_ushift_r                             0x0800031d   Thumb Code     0  llushr.o(.text)
    __scatterload                            0x0800033d   Thumb Code    28  init.o(.text)
    __scatterload_rt2                        0x0800033d   Thumb Code     0  init.o(.text)
    __decompress                             0x08000361   Thumb Code     0  __dczerorl2.o(.text)
    __decompress1                            0x08000361   Thumb Code    86  __dczerorl2.o(.text)
    BusFault_Handler                         0x080003b7   Thumb Code     2  stm32f2xx_it.o(i.BusFault_Handler)
    DMA1_Stream0_IRQHandler                  0x080003fd   Thumb Code     6  stm32f2xx_it.o(i.DMA1_Stream0_IRQHandler)
    DMA1_Stream5_IRQHandler                  0x08000409   Thumb Code     6  stm32f2xx_it.o(i.DMA1_Stream5_IRQHandler)
    DMA2_Stream0_IRQHandler                  0x08000415   Thumb Code     6  stm32f2xx_it.o(i.DMA2_Stream0_IRQHandler)
    DMA2_Stream2_IRQHandler                  0x08000421   Thumb Code     6  stm32f2xx_it.o(i.DMA2_Stream2_IRQHandler)
    DMA2_Stream3_IRQHandler                  0x0800042d   Thumb Code     6  stm32f2xx_it.o(i.DMA2_Stream3_IRQHandler)
    DMA2_Stream7_IRQHandler                  0x08000439   Thumb Code     6  stm32f2xx_it.o(i.DMA2_Stream7_IRQHandler)
    DebugMon_Handler                         0x080004c1   Thumb Code     2  stm32f2xx_it.o(i.DebugMon_Handler)
    Error_Handler                            0x080004c3   Thumb Code     2  main.o(i.Error_Handler)
    FSMC_NAND_AttributeSpace_Timing_Init     0x080004c5   Thumb Code    40  stm32f2xx_ll_fsmc.o(i.FSMC_NAND_AttributeSpace_Timing_Init)
    FSMC_NAND_CommonSpace_Timing_Init        0x080004ed   Thumb Code    40  stm32f2xx_ll_fsmc.o(i.FSMC_NAND_CommonSpace_Timing_Init)
    FSMC_NAND_Init                           0x08000515   Thumb Code    66  stm32f2xx_ll_fsmc.o(i.FSMC_NAND_Init)
    HAL_CAN_Init                             0x0800055d   Thumb Code   282  stm32f2xx_hal_can.o(i.HAL_CAN_Init)
    HAL_CAN_MspInit                          0x08000679   Thumb Code    94  can.o(i.HAL_CAN_MspInit)
    HAL_DMA_IRQHandler                       0x080006e5   Thumb Code   412  stm32f2xx_hal_dma.o(i.HAL_DMA_IRQHandler)
    HAL_DMA_Init                             0x08000885   Thumb Code   206  stm32f2xx_hal_dma.o(i.HAL_DMA_Init)
    HAL_Delay                                0x08000959   Thumb Code    32  stm32f2xx_hal.o(i.HAL_Delay)
    HAL_GPIO_Init                            0x08000a09   Thumb Code   444  stm32f2xx_hal_gpio.o(i.HAL_GPIO_Init)
    HAL_GPIO_WritePin                        0x08000bf5   Thumb Code    10  stm32f2xx_hal_gpio.o(i.HAL_GPIO_WritePin)
    HAL_GetTick                              0x08000c01   Thumb Code     6  stm32f2xx_hal.o(i.HAL_GetTick)
    HAL_IncTick                              0x08000c0d   Thumb Code    12  stm32f2xx_hal.o(i.HAL_IncTick)
    HAL_Init                                 0x08000c1d   Thumb Code    48  stm32f2xx_hal.o(i.HAL_Init)
    HAL_InitTick                             0x08000c51   Thumb Code   100  stm32f2xx_hal_timebase_tim.o(i.HAL_InitTick)
    HAL_MspInit                              0x08000cc5   Thumb Code    52  stm32f2xx_hal_msp.o(i.HAL_MspInit)
    HAL_NAND_Init                            0x08000cfd   Thumb Code    98  stm32f2xx_hal_nand.o(i.HAL_NAND_Init)
    HAL_NAND_MspInit                         0x08000d5f   Thumb Code     4  fsmc.o(i.HAL_NAND_MspInit)
    HAL_NVIC_EnableIRQ                       0x08000d63   Thumb Code    26  stm32f2xx_hal_cortex.o(i.HAL_NVIC_EnableIRQ)
    HAL_NVIC_SetPriority                     0x08000d7d   Thumb Code    60  stm32f2xx_hal_cortex.o(i.HAL_NVIC_SetPriority)
    HAL_NVIC_SetPriorityGrouping             0x08000dbd   Thumb Code    26  stm32f2xx_hal_cortex.o(i.HAL_NVIC_SetPriorityGrouping)
    HAL_PCDEx_SetRxFiFo                      0x08000de1   Thumb Code     8  stm32f2xx_hal_pcd_ex.o(i.HAL_PCDEx_SetRxFiFo)
    HAL_PCDEx_SetTxFiFo                      0x08000de9   Thumb Code    68  stm32f2xx_hal_pcd_ex.o(i.HAL_PCDEx_SetTxFiFo)
    HAL_PCD_ConnectCallback                  0x08000e2d   Thumb Code     8  usbd_conf.o(i.HAL_PCD_ConnectCallback)
    HAL_PCD_DataInStageCallback              0x08000e35   Thumb Code    18  usbd_conf.o(i.HAL_PCD_DataInStageCallback)
    HAL_PCD_DataOutStageCallback             0x08000e47   Thumb Code    20  usbd_conf.o(i.HAL_PCD_DataOutStageCallback)
    HAL_PCD_DisconnectCallback               0x08000e5b   Thumb Code     8  usbd_conf.o(i.HAL_PCD_DisconnectCallback)
    HAL_PCD_EP_Close                         0x08000e63   Thumb Code    76  stm32f2xx_hal_pcd.o(i.HAL_PCD_EP_Close)
    HAL_PCD_EP_ClrStall                      0x08000eaf   Thumb Code    92  stm32f2xx_hal_pcd.o(i.HAL_PCD_EP_ClrStall)
    HAL_PCD_EP_GetRxCount                    0x08000f0b   Thumb Code    18  stm32f2xx_hal_pcd.o(i.HAL_PCD_EP_GetRxCount)
    HAL_PCD_EP_Open                          0x08000f1d   Thumb Code    96  stm32f2xx_hal_pcd.o(i.HAL_PCD_EP_Open)
    HAL_PCD_EP_Receive                       0x08000f7d   Thumb Code    72  stm32f2xx_hal_pcd.o(i.HAL_PCD_EP_Receive)
    HAL_PCD_EP_SetStall                      0x08000fc5   Thumb Code   116  stm32f2xx_hal_pcd.o(i.HAL_PCD_EP_SetStall)
    HAL_PCD_EP_Transmit                      0x08001039   Thumb Code    64  stm32f2xx_hal_pcd.o(i.HAL_PCD_EP_Transmit)
    HAL_PCD_IRQHandler                       0x08001079   Thumb Code  1086  stm32f2xx_hal_pcd.o(i.HAL_PCD_IRQHandler)
    HAL_PCD_ISOINIncompleteCallback          0x080014c1   Thumb Code     8  usbd_conf.o(i.HAL_PCD_ISOINIncompleteCallback)
    HAL_PCD_ISOOUTIncompleteCallback         0x080014c9   Thumb Code     8  usbd_conf.o(i.HAL_PCD_ISOOUTIncompleteCallback)
    HAL_PCD_Init                             0x080014d1   Thumb Code   226  stm32f2xx_hal_pcd.o(i.HAL_PCD_Init)
    HAL_PCD_MspInit                          0x080015b5   Thumb Code   194  usbd_conf.o(i.HAL_PCD_MspInit)
    HAL_PCD_ResetCallback                    0x0800168d   Thumb Code    44  usbd_conf.o(i.HAL_PCD_ResetCallback)
    HAL_PCD_ResumeCallback                   0x080016b9   Thumb Code     8  usbd_conf.o(i.HAL_PCD_ResumeCallback)
    HAL_PCD_SOFCallback                      0x080016c1   Thumb Code     8  usbd_conf.o(i.HAL_PCD_SOFCallback)
    HAL_PCD_SetAddress                       0x080016c9   Thumb Code    40  stm32f2xx_hal_pcd.o(i.HAL_PCD_SetAddress)
    HAL_PCD_SetupStageCallback               0x080016f1   Thumb Code    14  usbd_conf.o(i.HAL_PCD_SetupStageCallback)
    HAL_PCD_Start                            0x080016ff   Thumb Code    42  stm32f2xx_hal_pcd.o(i.HAL_PCD_Start)
    HAL_PCD_SuspendCallback                  0x08001729   Thumb Code    44  usbd_conf.o(i.HAL_PCD_SuspendCallback)
    HAL_RCC_CSSCallback                      0x08001759   Thumb Code     2  stm32f2xx_hal_rcc.o(i.HAL_RCC_CSSCallback)
    HAL_RCC_ClockConfig                      0x0800175d   Thumb Code   296  stm32f2xx_hal_rcc.o(i.HAL_RCC_ClockConfig)
    HAL_RCC_EnableCSS                        0x08001899   Thumb Code     8  stm32f2xx_hal_rcc.o(i.HAL_RCC_EnableCSS)
    HAL_RCC_GetClockConfig                   0x080018a5   Thumb Code    54  stm32f2xx_hal_rcc.o(i.HAL_RCC_GetClockConfig)
    HAL_RCC_GetHCLKFreq                      0x080018e5   Thumb Code     6  stm32f2xx_hal_rcc.o(i.HAL_RCC_GetHCLKFreq)
    HAL_RCC_GetPCLK1Freq                     0x080018f1   Thumb Code    34  stm32f2xx_hal_rcc.o(i.HAL_RCC_GetPCLK1Freq)
    HAL_RCC_GetPCLK2Freq                     0x08001921   Thumb Code    34  stm32f2xx_hal_rcc.o(i.HAL_RCC_GetPCLK2Freq)
    HAL_RCC_GetSysClockFreq                  0x08001951   Thumb Code    88  stm32f2xx_hal_rcc.o(i.HAL_RCC_GetSysClockFreq)
    HAL_RCC_NMI_IRQHandler                   0x080019b1   Thumb Code    24  stm32f2xx_hal_rcc.o(i.HAL_RCC_NMI_IRQHandler)
    HAL_RCC_OscConfig                        0x080019cd   Thumb Code   826  stm32f2xx_hal_rcc.o(i.HAL_RCC_OscConfig)
    HAL_SPI_Init                             0x08001d19   Thumb Code   128  stm32f2xx_hal_spi.o(i.HAL_SPI_Init)
    HAL_SPI_MspInit                          0x08001d99   Thumb Code   372  spi.o(i.HAL_SPI_MspInit)
    HAL_TIMEx_BreakCallback                  0x08001f35   Thumb Code     2  stm32f2xx_hal_tim_ex.o(i.HAL_TIMEx_BreakCallback)
    HAL_TIMEx_CommutCallback                 0x08001f37   Thumb Code     2  stm32f2xx_hal_tim_ex.o(i.HAL_TIMEx_CommutCallback)
    HAL_TIM_Base_Init                        0x08001f39   Thumb Code    54  stm32f2xx_hal_tim.o(i.HAL_TIM_Base_Init)
    HAL_TIM_Base_MspInit                     0x08001f6f   Thumb Code     2  stm32f2xx_hal_tim.o(i.HAL_TIM_Base_MspInit)
    HAL_TIM_Base_Start_IT                    0x08001f71   Thumb Code    34  stm32f2xx_hal_tim.o(i.HAL_TIM_Base_Start_IT)
    HAL_TIM_IC_CaptureCallback               0x08001f93   Thumb Code     2  stm32f2xx_hal_tim.o(i.HAL_TIM_IC_CaptureCallback)
    HAL_TIM_IRQHandler                       0x08001f95   Thumb Code   358  stm32f2xx_hal_tim.o(i.HAL_TIM_IRQHandler)
    HAL_TIM_OC_DelayElapsedCallback          0x080020fb   Thumb Code     2  stm32f2xx_hal_tim.o(i.HAL_TIM_OC_DelayElapsedCallback)
    HAL_TIM_PWM_PulseFinishedCallback        0x080020fd   Thumb Code     2  stm32f2xx_hal_tim.o(i.HAL_TIM_PWM_PulseFinishedCallback)
    HAL_TIM_PeriodElapsedCallback            0x08002101   Thumb Code    14  main.o(i.HAL_TIM_PeriodElapsedCallback)
    HAL_TIM_TriggerCallback                  0x08002115   Thumb Code     2  stm32f2xx_hal_tim.o(i.HAL_TIM_TriggerCallback)
    HAL_UART_Init                            0x08002117   Thumb Code    98  stm32f2xx_hal_uart.o(i.HAL_UART_Init)
    HAL_UART_MspInit                         0x08002179   Thumb Code   196  usart.o(i.HAL_UART_MspInit)
    HardFault_Handler                        0x08002251   Thumb Code     2  stm32f2xx_it.o(i.HardFault_Handler)
    MX_CAN1_Init                             0x0800228d   Thumb Code    52  can.o(i.MX_CAN1_Init)
    MX_DMA_Init                              0x080022c9   Thumb Code   136  dma.o(i.MX_DMA_Init)
    MX_FREERTOS_Init                         0x08002355   Thumb Code    36  freertos.o(i.MX_FREERTOS_Init)
    MX_FSMC_Init                             0x08002385   Thumb Code    86  fsmc.o(i.MX_FSMC_Init)
    MX_GPIO_Init                             0x080023e5   Thumb Code   268  gpio.o(i.MX_GPIO_Init)
    MX_SPI1_Init                             0x08002501   Thumb Code    60  spi.o(i.MX_SPI1_Init)
    MX_SPI3_Init                             0x08002545   Thumb Code    60  spi.o(i.MX_SPI3_Init)
    MX_USART1_UART_Init                      0x08002589   Thumb Code    48  usart.o(i.MX_USART1_UART_Init)
    MX_USB_DEVICE_Init                       0x080025c1   Thumb Code    66  usb_device.o(i.MX_USB_DEVICE_Init)
    MemManage_Handler                        0x08002615   Thumb Code     2  stm32f2xx_it.o(i.MemManage_Handler)
    NMI_Handler                              0x08002617   Thumb Code     4  stm32f2xx_it.o(i.NMI_Handler)
    OTG_HS_IRQHandler                        0x0800261d   Thumb Code     6  stm32f2xx_it.o(i.OTG_HS_IRQHandler)
    StartDefaultTask                         0x080027a7   Thumb Code    12  freertos.o(i.StartDefaultTask)
    SysTick_Handler                          0x080027b5   Thumb Code    38  port.o(i.SysTick_Handler)
    SystemClock_Config                       0x080027e1   Thumb Code    90  main.o(i.SystemClock_Config)
    SystemInit                               0x0800283d   Thumb Code    54  system_stm32f2xx.o(i.SystemInit)
    TIM1_UP_TIM10_IRQHandler                 0x08002885   Thumb Code     6  stm32f2xx_it.o(i.TIM1_UP_TIM10_IRQHandler)
    TIM_Base_SetConfig                       0x08002891   Thumb Code   156  stm32f2xx_hal_tim.o(i.TIM_Base_SetConfig)
    USBD_CDC_GetDeviceQualifierDescriptor    0x08002bc1   Thumb Code     8  usbd_cdc.o(i.USBD_CDC_GetDeviceQualifierDescriptor)
    USBD_CDC_ReceivePacket                   0x08002c85   Thumb Code    40  usbd_cdc.o(i.USBD_CDC_ReceivePacket)
    USBD_CDC_RegisterInterface               0x08002cad   Thumb Code    16  usbd_cdc.o(i.USBD_CDC_RegisterInterface)
    USBD_CDC_SetRxBuffer                     0x08002cbd   Thumb Code    12  usbd_cdc.o(i.USBD_CDC_SetRxBuffer)
    USBD_CDC_SetTxBuffer                     0x08002cc9   Thumb Code    16  usbd_cdc.o(i.USBD_CDC_SetTxBuffer)
    USBD_ClrClassConfig                      0x08002d85   Thumb Code    14  usbd_core.o(i.USBD_ClrClassConfig)
    USBD_CtlContinueRx                       0x08002d93   Thumb Code    16  usbd_ioreq.o(i.USBD_CtlContinueRx)
    USBD_CtlContinueSendData                 0x08002da3   Thumb Code    16  usbd_ioreq.o(i.USBD_CtlContinueSendData)
    USBD_CtlError                            0x08002db3   Thumb Code    22  usbd_ctlreq.o(i.USBD_CtlError)
    USBD_CtlPrepareRx                        0x08002dc9   Thumb Code    30  usbd_ioreq.o(i.USBD_CtlPrepareRx)
    USBD_CtlReceiveStatus                    0x08002de7   Thumb Code    22  usbd_ioreq.o(i.USBD_CtlReceiveStatus)
    USBD_CtlSendData                         0x08002dfd   Thumb Code    26  usbd_ioreq.o(i.USBD_CtlSendData)
    USBD_CtlSendStatus                       0x08002e17   Thumb Code    22  usbd_ioreq.o(i.USBD_CtlSendStatus)
    USBD_GetString                           0x08002f15   Thumb Code    72  usbd_ctlreq.o(i.USBD_GetString)
    USBD_Get_USB_Status                      0x08002f5d   Thumb Code    24  usbd_conf.o(i.USBD_Get_USB_Status)
    USBD_HS_ConfigStrDescriptor              0x08002f75   Thumb Code    16  usbd_desc.o(i.USBD_HS_ConfigStrDescriptor)
    USBD_HS_DeviceDescriptor                 0x08002f95   Thumb Code     8  usbd_desc.o(i.USBD_HS_DeviceDescriptor)
    USBD_HS_InterfaceStrDescriptor           0x08002fa1   Thumb Code    16  usbd_desc.o(i.USBD_HS_InterfaceStrDescriptor)
    USBD_HS_LangIDStrDescriptor              0x08002fc5   Thumb Code     8  usbd_desc.o(i.USBD_HS_LangIDStrDescriptor)
    USBD_HS_ManufacturerStrDescriptor        0x08002fd1   Thumb Code    16  usbd_desc.o(i.USBD_HS_ManufacturerStrDescriptor)
    USBD_HS_ProductStrDescriptor             0x08002ff9   Thumb Code    16  usbd_desc.o(i.USBD_HS_ProductStrDescriptor)
    USBD_HS_SerialStrDescriptor              0x08003025   Thumb Code    48  usbd_desc.o(i.USBD_HS_SerialStrDescriptor)
    USBD_Init                                0x0800305d   Thumb Code    42  usbd_core.o(i.USBD_Init)
    USBD_LL_ClearStallEP                     0x08003087   Thumb Code    18  usbd_conf.o(i.USBD_LL_ClearStallEP)
    USBD_LL_CloseEP                          0x08003099   Thumb Code    18  usbd_conf.o(i.USBD_LL_CloseEP)
    USBD_LL_DataInStage                      0x080030ab   Thumb Code   198  usbd_core.o(i.USBD_LL_DataInStage)
    USBD_LL_DataOutStage                     0x08003171   Thumb Code   130  usbd_core.o(i.USBD_LL_DataOutStage)
    USBD_LL_DevConnected                     0x080031f3   Thumb Code     4  usbd_core.o(i.USBD_LL_DevConnected)
    USBD_LL_DevDisconnected                  0x080031f7   Thumb Code    22  usbd_core.o(i.USBD_LL_DevDisconnected)
    USBD_LL_GetRxDataSize                    0x0800320d   Thumb Code     8  usbd_conf.o(i.USBD_LL_GetRxDataSize)
    USBD_LL_Init                             0x08003215   Thumb Code    94  usbd_conf.o(i.USBD_LL_Init)
    USBD_LL_IsStallEP                        0x0800327d   Thumb Code    32  usbd_conf.o(i.USBD_LL_IsStallEP)
    USBD_LL_IsoINIncomplete                  0x0800329d   Thumb Code     4  usbd_core.o(i.USBD_LL_IsoINIncomplete)
    USBD_LL_IsoOUTIncomplete                 0x080032a1   Thumb Code     4  usbd_core.o(i.USBD_LL_IsoOUTIncomplete)
    USBD_LL_OpenEP                           0x080032a5   Thumb Code    24  usbd_conf.o(i.USBD_LL_OpenEP)
    USBD_LL_PrepareReceive                   0x080032bd   Thumb Code    18  usbd_conf.o(i.USBD_LL_PrepareReceive)
    USBD_LL_Reset                            0x080032cf   Thumb Code    80  usbd_core.o(i.USBD_LL_Reset)
    USBD_LL_Resume                           0x0800331f   Thumb Code    20  usbd_core.o(i.USBD_LL_Resume)
    USBD_LL_SOF                              0x08003333   Thumb Code    24  usbd_core.o(i.USBD_LL_SOF)
    USBD_LL_SetSpeed                         0x0800334b   Thumb Code     6  usbd_core.o(i.USBD_LL_SetSpeed)
    USBD_LL_SetUSBAddress                    0x08003351   Thumb Code    18  usbd_conf.o(i.USBD_LL_SetUSBAddress)
    USBD_LL_SetupStage                       0x08003363   Thumb Code    90  usbd_core.o(i.USBD_LL_SetupStage)
    USBD_LL_StallEP                          0x080033bd   Thumb Code    18  usbd_conf.o(i.USBD_LL_StallEP)
    USBD_LL_Start                            0x080033cf   Thumb Code    18  usbd_conf.o(i.USBD_LL_Start)
    USBD_LL_Suspend                          0x080033e1   Thumb Code    18  usbd_core.o(i.USBD_LL_Suspend)
    USBD_LL_Transmit                         0x080033f3   Thumb Code    18  usbd_conf.o(i.USBD_LL_Transmit)
    USBD_ParseSetupRequest                   0x08003405   Thumb Code    40  usbd_ctlreq.o(i.USBD_ParseSetupRequest)
    USBD_RegisterClass                       0x0800342d   Thumb Code    16  usbd_core.o(i.USBD_RegisterClass)
    USBD_SetClassConfig                      0x0800343d   Thumb Code    22  usbd_core.o(i.USBD_SetClassConfig)
    USBD_Start                               0x080034d9   Thumb Code    10  usbd_core.o(i.USBD_Start)
    USBD_StdDevReq                           0x080034e3   Thumb Code   274  usbd_ctlreq.o(i.USBD_StdDevReq)
    USBD_StdEPReq                            0x080035f5   Thumb Code   336  usbd_ctlreq.o(i.USBD_StdEPReq)
    USBD_StdItfReq                           0x08003745   Thumb Code    78  usbd_ctlreq.o(i.USBD_StdItfReq)
    USB_ActivateEndpoint                     0x08003795   Thumb Code   122  stm32f2xx_ll_usb.o(i.USB_ActivateEndpoint)
    USB_ActivateSetup                        0x08003815   Thumb Code    52  stm32f2xx_ll_usb.o(i.USB_ActivateSetup)
    USB_CoreInit                             0x08003849   Thumb Code   102  stm32f2xx_ll_usb.o(i.USB_CoreInit)
    USB_DeactivateEndpoint                   0x080038ed   Thumb Code   118  stm32f2xx_ll_usb.o(i.USB_DeactivateEndpoint)
    USB_DevConnect                           0x0800396d   Thumb Code    24  stm32f2xx_ll_usb.o(i.USB_DevConnect)
    USB_DevDisconnect                        0x08003985   Thumb Code    24  stm32f2xx_ll_usb.o(i.USB_DevDisconnect)
    USB_DevInit                              0x0800399d   Thumb Code   378  stm32f2xx_ll_usb.o(i.USB_DevInit)
    USB_DisableGlobalInt                     0x08003b29   Thumb Code    12  stm32f2xx_ll_usb.o(i.USB_DisableGlobalInt)
    USB_EP0StartXfer                         0x08003b35   Thumb Code   276  stm32f2xx_ll_usb.o(i.USB_EP0StartXfer)
    USB_EP0_OutStart                         0x08003c4d   Thumb Code    84  stm32f2xx_ll_usb.o(i.USB_EP0_OutStart)
    USB_EPClearStall                         0x08003ca5   Thumb Code    88  stm32f2xx_ll_usb.o(i.USB_EPClearStall)
    USB_EPSetStall                           0x08003cfd   Thumb Code    88  stm32f2xx_ll_usb.o(i.USB_EPSetStall)
    USB_EPStartXfer                          0x08003d55   Thumb Code   482  stm32f2xx_ll_usb.o(i.USB_EPStartXfer)
    USB_EnableGlobalInt                      0x08003f3d   Thumb Code    12  stm32f2xx_ll_usb.o(i.USB_EnableGlobalInt)
    USB_FlushRxFifo                          0x08003f49   Thumb Code    28  stm32f2xx_ll_usb.o(i.USB_FlushRxFifo)
    USB_FlushTxFifo                          0x08003f69   Thumb Code    32  stm32f2xx_ll_usb.o(i.USB_FlushTxFifo)
    USB_GetDevSpeed                          0x08003f8d   Thumb Code    26  stm32f2xx_ll_usb.o(i.USB_GetDevSpeed)
    USB_GetMode                              0x08003fa7   Thumb Code     8  stm32f2xx_ll_usb.o(i.USB_GetMode)
    USB_ReadDevAllInEpInterrupt              0x08003faf   Thumb Code    14  stm32f2xx_ll_usb.o(i.USB_ReadDevAllInEpInterrupt)
    USB_ReadDevAllOutEpInterrupt             0x08003fbd   Thumb Code    14  stm32f2xx_ll_usb.o(i.USB_ReadDevAllOutEpInterrupt)
    USB_ReadDevInEPInterrupt                 0x08003fcb   Thumb Code    36  stm32f2xx_ll_usb.o(i.USB_ReadDevInEPInterrupt)
    USB_ReadDevOutEPInterrupt                0x08003fef   Thumb Code    16  stm32f2xx_ll_usb.o(i.USB_ReadDevOutEPInterrupt)
    USB_ReadInterrupts                       0x08003fff   Thumb Code     8  stm32f2xx_ll_usb.o(i.USB_ReadInterrupts)
    USB_ReadPacket                           0x08004007   Thumb Code    28  stm32f2xx_ll_usb.o(i.USB_ReadPacket)
    USB_SetCurrentMode                       0x08004023   Thumb Code    46  stm32f2xx_ll_usb.o(i.USB_SetCurrentMode)
    USB_SetDevAddress                        0x08004051   Thumb Code    34  stm32f2xx_ll_usb.o(i.USB_SetDevAddress)
    USB_SetTurnaroundTime                    0x08004075   Thumb Code   158  stm32f2xx_ll_usb.o(i.USB_SetTurnaroundTime)
    USB_WritePacket                          0x0800415d   Thumb Code    36  stm32f2xx_ll_usb.o(i.USB_WritePacket)
    UsageFault_Handler                       0x08004181   Thumb Code     2  stm32f2xx_it.o(i.UsageFault_Handler)
    __scatterload_copy                       0x080041a3   Thumb Code    14  handlers.o(i.__scatterload_copy)
    __scatterload_null                       0x080041b1   Thumb Code     2  handlers.o(i.__scatterload_null)
    __scatterload_zeroinit                   0x080041b3   Thumb Code    14  handlers.o(i.__scatterload_zeroinit)
    free                                     0x080041c1   Thumb Code    76  malloc.o(i.free)
    main                                     0x08004211   Thumb Code    46  main.o(i.main)
    malloc                                   0x08004241   Thumb Code    92  malloc.o(i.malloc)
    osDelay                                  0x080042ad   Thumb Code    46  cmsis_os2.o(i.osDelay)
    osKernelInitialize                       0x080042e1   Thumb Code    50  cmsis_os2.o(i.osKernelInitialize)
    osKernelStart                            0x08004319   Thumb Code    58  cmsis_os2.o(i.osKernelStart)
    osThreadNew                              0x08004359   Thumb Code   160  cmsis_os2.o(i.osThreadNew)
    pvPortMalloc                             0x08004b41   Thumb Code   220  heap_4.o(i.pvPortMalloc)
    pxPortInitialiseStack                    0x08004c21   Thumb Code    32  port.o(i.pxPortInitialiseStack)
    uxListRemove                             0x08004c45   Thumb Code    38  list.o(i.uxListRemove)
    vApplicationGetIdleTaskMemory            0x08004c6d   Thumb Code    16  cmsis_os2.o(i.vApplicationGetIdleTaskMemory)
    vApplicationGetTimerTaskMemory           0x08004c81   Thumb Code    18  cmsis_os2.o(i.vApplicationGetTimerTaskMemory)
    vApplicationMallocFailedHook             0x08004c99   Thumb Code     2  freertos.o(i.vApplicationMallocFailedHook)
    vApplicationStackOverflowHook            0x08004c9b   Thumb Code     2  freertos.o(i.vApplicationStackOverflowHook)
    vApplicationTickHook                     0x08004c9d   Thumb Code     2  freertos.o(i.vApplicationTickHook)
    vListInitialise                          0x08004c9f   Thumb Code    22  list.o(i.vListInitialise)
    vListInitialiseItem                      0x08004cb5   Thumb Code     6  list.o(i.vListInitialiseItem)
    vListInsert                              0x08004cbb   Thumb Code    48  list.o(i.vListInsert)
    vListInsertEnd                           0x08004ceb   Thumb Code    24  list.o(i.vListInsertEnd)
    vPortEnterCritical                       0x08004d05   Thumb Code    54  port.o(i.vPortEnterCritical)
    vPortExitCritical                        0x08004d45   Thumb Code    34  port.o(i.vPortExitCritical)
    vPortFree                                0x08004d6d   Thumb Code    88  heap_4.o(i.vPortFree)
    vPortSetupTimerInterrupt                 0x08004dc9   Thumb Code    32  port.o(i.vPortSetupTimerInterrupt)
    vPortValidateInterruptPriority           0x08004ded   Thumb Code    74  port.o(i.vPortValidateInterruptPriority)
    vQueueAddToRegistry                      0x08004e41   Thumb Code    34  queue.o(i.vQueueAddToRegistry)
    vQueueWaitForMessageRestricted           0x08004e69   Thumb Code    68  queue.o(i.vQueueWaitForMessageRestricted)
    vTaskDelay                               0x08004ead   Thumb Code    66  tasks.o(i.vTaskDelay)
    vTaskInternalSetTimeOutState             0x08004ef9   Thumb Code    12  tasks.o(i.vTaskInternalSetTimeOutState)
    vTaskMissedYield                         0x08004f09   Thumb Code     8  tasks.o(i.vTaskMissedYield)
    vTaskPlaceOnEventList                    0x08004f15   Thumb Code    44  tasks.o(i.vTaskPlaceOnEventList)
    vTaskPlaceOnEventListRestricted          0x08004f45   Thumb Code    52  tasks.o(i.vTaskPlaceOnEventListRestricted)
    vTaskStartScheduler                      0x08004f7d   Thumb Code   118  tasks.o(i.vTaskStartScheduler)
    vTaskSuspendAll                          0x08005005   Thumb Code    10  tasks.o(i.vTaskSuspendAll)
    vTaskSwitchContext                       0x08005015   Thumb Code   132  tasks.o(i.vTaskSwitchContext)
    xPortStartScheduler                      0x080050a1   Thumb Code   154  port.o(i.xPortStartScheduler)
    xQueueGenericCreateStatic                0x08005149   Thumb Code   102  queue.o(i.xQueueGenericCreateStatic)
    xQueueGenericReset                       0x080051b1   Thumb Code   132  queue.o(i.xQueueGenericReset)
    xQueueGenericSend                        0x08005239   Thumb Code   346  queue.o(i.xQueueGenericSend)
    xQueueGenericSendFromISR                 0x08005399   Thumb Code   188  queue.o(i.xQueueGenericSendFromISR)
    xQueueReceive                            0x08005455   Thumb Code   308  queue.o(i.xQueueReceive)
    xTaskCheckForTimeOut                     0x0800558d   Thumb Code   112  tasks.o(i.xTaskCheckForTimeOut)
    xTaskCreate                              0x08005601   Thumb Code    90  tasks.o(i.xTaskCreate)
    xTaskCreateStatic                        0x0800565b   Thumb Code    86  tasks.o(i.xTaskCreateStatic)
    xTaskGetSchedulerState                   0x080056b1   Thumb Code    22  tasks.o(i.xTaskGetSchedulerState)
    xTaskGetTickCount                        0x080056cd   Thumb Code     6  tasks.o(i.xTaskGetTickCount)
    xTaskIncrementTick                       0x080056d9   Thumb Code   200  tasks.o(i.xTaskIncrementTick)
    xTaskPriorityDisinherit                  0x080057a9   Thumb Code   118  tasks.o(i.xTaskPriorityDisinherit)
    xTaskRemoveFromEventList                 0x08005829   Thumb Code    98  tasks.o(i.xTaskRemoveFromEventList)
    xTaskResumeAll                           0x08005899   Thumb Code   182  tasks.o(i.xTaskResumeAll)
    xTimerCreateTimerTask                    0x0800595d   Thumb Code    78  timers.o(i.xTimerCreateTimerTask)
    xTimerGenericCommand                     0x080059bd   Thumb Code    98  timers.o(i.xTimerGenericCommand)
    AHBPrescTable                            0x08005a50   Data          16  system_stm32f2xx.o(.constdata)
    APBPrescTable                            0x08005a60   Data           8  system_stm32f2xx.o(.constdata)
    Region$$Table$$Base                      0x08005a74   Number         0  anon$$obj.o(Region$$Table)
    Region$$Table$$Limit                     0x08005a94   Number         0  anon$$obj.o(Region$$Table)
    defaultTaskHandle                        0x20000000   Data           4  freertos.o(.data)
    HS_Desc                                  0x2000000c   Data          28  usbd_desc.o(.data)
    USBD_LangIDDesc                          0x20000028   Data           4  usbd_desc.o(.data)
    USBD_HS_DeviceDesc                       0x2000002c   Data          18  usbd_desc.o(.data)
    USBD_StringSerial                        0x20000040   Data          26  usbd_desc.o(.data)
    USBD_Interface_fops_HS                   0x2000005c   Data          16  usbd_cdc_if.o(.data)
    uwTickFreq                               0x2000006c   Data           1  stm32f2xx_hal.o(.data)
    uwTickPrio                               0x20000070   Data           4  stm32f2xx_hal.o(.data)
    uwTick                                   0x20000074   Data           4  stm32f2xx_hal.o(.data)
    SystemCoreClock                          0x20000078   Data           4  system_stm32f2xx.o(.data)
    pxCurrentTCB                             0x2000007c   Data           4  tasks.o(.data)
    USBD_CDC_CfgHSDesc                       0x20000104   Data          67  usbd_cdc.o(.data)
    USBD_CDC_CfgFSDesc                       0x20000148   Data          67  usbd_cdc.o(.data)
    USBD_CDC_OtherSpeedCfgDesc               0x2000018c   Data          67  usbd_cdc.o(.data)
    USBD_CDC                                 0x200001d0   Data          56  usbd_cdc.o(.data)
    __microlib_freelist                      0x20000208   Data           4  mvars.o(.data)
    __microlib_freelist_initialised          0x2000020c   Data           4  mvars.o(.data)
    hcan1                                    0x20000210   Data          40  can.o(.bss)
    hnand1                                   0x20000238   Data          64  fsmc.o(.bss)
    hspi1                                    0x20000278   Data          88  spi.o(.bss)
    hspi3                                    0x200002d0   Data          88  spi.o(.bss)
    hdma_spi1_rx                             0x20000328   Data          96  spi.o(.bss)
    hdma_spi1_tx                             0x20000388   Data          96  spi.o(.bss)
    hdma_spi3_rx                             0x200003e8   Data          96  spi.o(.bss)
    hdma_spi3_tx                             0x20000448   Data          96  spi.o(.bss)
    htim10                                   0x200004a8   Data          64  stm32f2xx_hal_timebase_tim.o(.bss)
    huart1                                   0x200004e8   Data          64  usart.o(.bss)
    hdma_usart1_rx                           0x20000528   Data          96  usart.o(.bss)
    hdma_usart1_tx                           0x20000588   Data          96  usart.o(.bss)
    hUsbDeviceHS                             0x200005e8   Data         708  usb_device.o(.bss)
    hpcd_USB_OTG_HS                          0x200008ac   Data        1024  usbd_conf.o(.bss)
    USBD_StrDesc                             0x20000cac   Data         512  usbd_desc.o(.bss)
    UserRxBufferHS                           0x20000eac   Data        2048  usbd_cdc_if.o(.bss)
    UserTxBufferHS                           0x200016ac   Data        2048  usbd_cdc_if.o(.bss)
    xQueueRegistry                           0x20001eac   Data          64  queue.o(.bss)
    __heap_base                              0x20006780   Data           0  startup_stm32f215xx.o(HEAP)
    __heap_limit                             0x20006980   Data           0  startup_stm32f215xx.o(HEAP)
    __initial_sp                             0x20006d80   Data           0  startup_stm32f215xx.o(STACK)



==============================================================================

Memory Map of the image

  Image Entry point : 0x08000185

  Load Region LR_IROM1 (Base: 0x08000000, Size: 0x00005ca4, Max: 0x00100000, ABSOLUTE, COMPRESSED[0x00005b5c])

    Execution Region ER_IROM1 (Exec base: 0x08000000, Load base: 0x08000000, Size: 0x00005a94, Max: 0x00100000, ABSOLUTE)

    Exec Addr    Load Addr    Size         Type   Attr      Idx    E Section Name        Object

    0x08000000   0x08000000   0x00000184   Data   RO            3    RESET               startup_stm32f215xx.o
    0x08000184   0x08000184   0x00000000   Code   RO         6889  * .ARM.Collect$$$$00000000  mc_w.l(entry.o)
    0x08000184   0x08000184   0x00000004   Code   RO         6930    .ARM.Collect$$$$00000001  mc_w.l(entry2.o)
    0x08000188   0x08000188   0x00000004   Code   RO         6933    .ARM.Collect$$$$00000004  mc_w.l(entry5.o)
    0x0800018c   0x0800018c   0x00000000   Code   RO         6935    .ARM.Collect$$$$00000008  mc_w.l(entry7b.o)
    0x0800018c   0x0800018c   0x00000000   Code   RO         6937    .ARM.Collect$$$$0000000A  mc_w.l(entry8b.o)
    0x0800018c   0x0800018c   0x00000008   Code   RO         6938    .ARM.Collect$$$$0000000B  mc_w.l(entry9a.o)
    0x08000194   0x08000194   0x00000000   Code   RO         6940    .ARM.Collect$$$$0000000D  mc_w.l(entry10a.o)
    0x08000194   0x08000194   0x00000000   Code   RO         6942    .ARM.Collect$$$$0000000F  mc_w.l(entry11a.o)
    0x08000194   0x08000194   0x00000004   Code   RO         6931    .ARM.Collect$$$$00002712  mc_w.l(entry2.o)
    0x08000198   0x08000198   0x00000096   Code   RO         6443    .emb_text           port.o
    0x0800022e   0x0800022e   0x00000002   PAD
    0x08000230   0x08000230   0x00000024   Code   RO            4    .text               startup_stm32f215xx.o
    0x08000254   0x08000254   0x00000062   Code   RO         6892    .text               mc_w.l(uldiv.o)
    0x080002b6   0x080002b6   0x00000024   Code   RO         6894    .text               mc_w.l(memcpya.o)
    0x080002da   0x080002da   0x00000024   Code   RO         6898    .text               mc_w.l(memseta.o)
    0x080002fe   0x080002fe   0x0000001e   Code   RO         6944    .text               mc_w.l(llshl.o)
    0x0800031c   0x0800031c   0x00000020   Code   RO         6946    .text               mc_w.l(llushr.o)
    0x0800033c   0x0800033c   0x00000024   Code   RO         6950    .text               mc_w.l(init.o)
    0x08000360   0x08000360   0x00000056   Code   RO         6960    .text               mc_w.l(__dczerorl2.o)
    0x080003b6   0x080003b6   0x00000002   Code   RO          980    i.BusFault_Handler  stm32f2xx_it.o
    0x080003b8   0x080003b8   0x00000004   Code   RO          928    i.CDC_Control_HS    usbd_cdc_if.o
    0x080003bc   0x080003bc   0x00000004   Code   RO          929    i.CDC_DeInit_HS     usbd_cdc_if.o
    0x080003c0   0x080003c0   0x00000024   Code   RO          930    i.CDC_Init_HS       usbd_cdc_if.o
    0x080003e4   0x080003e4   0x00000018   Code   RO          931    i.CDC_Receive_HS    usbd_cdc_if.o
    0x080003fc   0x080003fc   0x0000000c   Code   RO          981    i.DMA1_Stream0_IRQHandler  stm32f2xx_it.o
    0x08000408   0x08000408   0x0000000c   Code   RO          982    i.DMA1_Stream5_IRQHandler  stm32f2xx_it.o
    0x08000414   0x08000414   0x0000000c   Code   RO          983    i.DMA2_Stream0_IRQHandler  stm32f2xx_it.o
    0x08000420   0x08000420   0x0000000c   Code   RO          984    i.DMA2_Stream2_IRQHandler  stm32f2xx_it.o
    0x0800042c   0x0800042c   0x0000000c   Code   RO          985    i.DMA2_Stream3_IRQHandler  stm32f2xx_it.o
    0x08000438   0x08000438   0x0000000c   Code   RO          986    i.DMA2_Stream7_IRQHandler  stm32f2xx_it.o
    0x08000444   0x08000444   0x00000028   Code   RO         2531    i.DMA_CalcBaseAndBitshift  stm32f2xx_hal_dma.o
    0x0800046c   0x0800046c   0x00000054   Code   RO         2532    i.DMA_CheckFifoParam  stm32f2xx_hal_dma.o
    0x080004c0   0x080004c0   0x00000002   Code   RO          987    i.DebugMon_Handler  stm32f2xx_it.o
    0x080004c2   0x080004c2   0x00000002   Code   RO           13    i.Error_Handler     main.o
    0x080004c4   0x080004c4   0x00000028   Code   RO         2984    i.FSMC_NAND_AttributeSpace_Timing_Init  stm32f2xx_ll_fsmc.o
    0x080004ec   0x080004ec   0x00000028   Code   RO         2985    i.FSMC_NAND_CommonSpace_Timing_Init  stm32f2xx_ll_fsmc.o
    0x08000514   0x08000514   0x00000048   Code   RO         2990    i.FSMC_NAND_Init    stm32f2xx_ll_fsmc.o
    0x0800055c   0x0800055c   0x0000011a   Code   RO         2764    i.HAL_CAN_Init      stm32f2xx_hal_can.o
    0x08000676   0x08000676   0x00000002   PAD
    0x08000678   0x08000678   0x0000006c   Code   RO          263    i.HAL_CAN_MspInit   can.o
    0x080006e4   0x080006e4   0x000001a0   Code   RO         2539    i.HAL_DMA_IRQHandler  stm32f2xx_hal_dma.o
    0x08000884   0x08000884   0x000000d4   Code   RO         2540    i.HAL_DMA_Init      stm32f2xx_hal_dma.o
    0x08000958   0x08000958   0x00000024   Code   RO         1679    i.HAL_Delay         stm32f2xx_hal.o
    0x0800097c   0x0800097c   0x0000008c   Code   RO          395    i.HAL_FSMC_MspInit  fsmc.o
    0x08000a08   0x08000a08   0x000001ec   Code   RO         2468    i.HAL_GPIO_Init     stm32f2xx_hal_gpio.o
    0x08000bf4   0x08000bf4   0x0000000a   Code   RO         2472    i.HAL_GPIO_WritePin  stm32f2xx_hal_gpio.o
    0x08000bfe   0x08000bfe   0x00000002   PAD
    0x08000c00   0x08000c00   0x0000000c   Code   RO         1685    i.HAL_GetTick       stm32f2xx_hal.o
    0x08000c0c   0x08000c0c   0x00000010   Code   RO         1691    i.HAL_IncTick       stm32f2xx_hal.o
    0x08000c1c   0x08000c1c   0x00000034   Code   RO         1692    i.HAL_Init          stm32f2xx_hal.o
    0x08000c50   0x08000c50   0x00000074   Code   RO          518    i.HAL_InitTick      stm32f2xx_hal_timebase_tim.o
    0x08000cc4   0x08000cc4   0x00000038   Code   RO         1086    i.HAL_MspInit       stm32f2xx_hal_msp.o
    0x08000cfc   0x08000cfc   0x00000062   Code   RO         3120    i.HAL_NAND_Init     stm32f2xx_hal_nand.o
    0x08000d5e   0x08000d5e   0x00000004   Code   RO          397    i.HAL_NAND_MspInit  fsmc.o
    0x08000d62   0x08000d62   0x0000001a   Code   RO         1995    i.HAL_NVIC_EnableIRQ  stm32f2xx_hal_cortex.o
    0x08000d7c   0x08000d7c   0x00000040   Code   RO         2001    i.HAL_NVIC_SetPriority  stm32f2xx_hal_cortex.o
    0x08000dbc   0x08000dbc   0x00000024   Code   RO         2002    i.HAL_NVIC_SetPriorityGrouping  stm32f2xx_hal_cortex.o
    0x08000de0   0x08000de0   0x00000008   Code   RO         1112    i.HAL_PCDEx_SetRxFiFo  stm32f2xx_hal_pcd_ex.o
    0x08000de8   0x08000de8   0x00000044   Code   RO         1113    i.HAL_PCDEx_SetTxFiFo  stm32f2xx_hal_pcd_ex.o
    0x08000e2c   0x08000e2c   0x00000008   Code   RO          647    i.HAL_PCD_ConnectCallback  usbd_conf.o
    0x08000e34   0x08000e34   0x00000012   Code   RO          648    i.HAL_PCD_DataInStageCallback  usbd_conf.o
    0x08000e46   0x08000e46   0x00000014   Code   RO          649    i.HAL_PCD_DataOutStageCallback  usbd_conf.o
    0x08000e5a   0x08000e5a   0x00000008   Code   RO          650    i.HAL_PCD_DisconnectCallback  usbd_conf.o
    0x08000e62   0x08000e62   0x0000004c   Code   RO         1161    i.HAL_PCD_EP_Close  stm32f2xx_hal_pcd.o
    0x08000eae   0x08000eae   0x0000005c   Code   RO         1162    i.HAL_PCD_EP_ClrStall  stm32f2xx_hal_pcd.o
    0x08000f0a   0x08000f0a   0x00000012   Code   RO         1164    i.HAL_PCD_EP_GetRxCount  stm32f2xx_hal_pcd.o
    0x08000f1c   0x08000f1c   0x00000060   Code   RO         1165    i.HAL_PCD_EP_Open   stm32f2xx_hal_pcd.o
    0x08000f7c   0x08000f7c   0x00000048   Code   RO         1166    i.HAL_PCD_EP_Receive  stm32f2xx_hal_pcd.o
    0x08000fc4   0x08000fc4   0x00000074   Code   RO         1167    i.HAL_PCD_EP_SetStall  stm32f2xx_hal_pcd.o
    0x08001038   0x08001038   0x00000040   Code   RO         1168    i.HAL_PCD_EP_Transmit  stm32f2xx_hal_pcd.o
    0x08001078   0x08001078   0x00000448   Code   RO         1170    i.HAL_PCD_IRQHandler  stm32f2xx_hal_pcd.o
    0x080014c0   0x080014c0   0x00000008   Code   RO          651    i.HAL_PCD_ISOINIncompleteCallback  usbd_conf.o
    0x080014c8   0x080014c8   0x00000008   Code   RO          652    i.HAL_PCD_ISOOUTIncompleteCallback  usbd_conf.o
    0x080014d0   0x080014d0   0x000000e2   Code   RO         1173    i.HAL_PCD_Init      stm32f2xx_hal_pcd.o
    0x080015b2   0x080015b2   0x00000002   PAD
    0x080015b4   0x080015b4   0x000000d8   Code   RO          654    i.HAL_PCD_MspInit   usbd_conf.o
    0x0800168c   0x0800168c   0x0000002c   Code   RO          655    i.HAL_PCD_ResetCallback  usbd_conf.o
    0x080016b8   0x080016b8   0x00000008   Code   RO          656    i.HAL_PCD_ResumeCallback  usbd_conf.o
    0x080016c0   0x080016c0   0x00000008   Code   RO          657    i.HAL_PCD_SOFCallback  usbd_conf.o
    0x080016c8   0x080016c8   0x00000028   Code   RO         1179    i.HAL_PCD_SetAddress  stm32f2xx_hal_pcd.o
    0x080016f0   0x080016f0   0x0000000e   Code   RO          658    i.HAL_PCD_SetupStageCallback  usbd_conf.o
    0x080016fe   0x080016fe   0x0000002a   Code   RO         1181    i.HAL_PCD_Start     stm32f2xx_hal_pcd.o
    0x08001728   0x08001728   0x00000030   Code   RO          659    i.HAL_PCD_SuspendCallback  usbd_conf.o
    0x08001758   0x08001758   0x00000002   Code   RO         1858    i.HAL_RCC_CSSCallback  stm32f2xx_hal_rcc.o
    0x0800175a   0x0800175a   0x00000002   PAD
    0x0800175c   0x0800175c   0x0000013c   Code   RO         1859    i.HAL_RCC_ClockConfig  stm32f2xx_hal_rcc.o
    0x08001898   0x08001898   0x0000000c   Code   RO         1862    i.HAL_RCC_EnableCSS  stm32f2xx_hal_rcc.o
    0x080018a4   0x080018a4   0x00000040   Code   RO         1863    i.HAL_RCC_GetClockConfig  stm32f2xx_hal_rcc.o
    0x080018e4   0x080018e4   0x0000000c   Code   RO         1864    i.HAL_RCC_GetHCLKFreq  stm32f2xx_hal_rcc.o
    0x080018f0   0x080018f0   0x00000030   Code   RO         1866    i.HAL_RCC_GetPCLK1Freq  stm32f2xx_hal_rcc.o
    0x08001920   0x08001920   0x00000030   Code   RO         1867    i.HAL_RCC_GetPCLK2Freq  stm32f2xx_hal_rcc.o
    0x08001950   0x08001950   0x00000060   Code   RO         1868    i.HAL_RCC_GetSysClockFreq  stm32f2xx_hal_rcc.o
    0x080019b0   0x080019b0   0x0000001c   Code   RO         1870    i.HAL_RCC_NMI_IRQHandler  stm32f2xx_hal_rcc.o
    0x080019cc   0x080019cc   0x0000034c   Code   RO         1871    i.HAL_RCC_OscConfig  stm32f2xx_hal_rcc.o
    0x08001d18   0x08001d18   0x00000080   Code   RO         3283    i.HAL_SPI_Init      stm32f2xx_hal_spi.o
    0x08001d98   0x08001d98   0x0000019c   Code   RO          444    i.HAL_SPI_MspInit   spi.o
    0x08001f34   0x08001f34   0x00000002   Code   RO         4271    i.HAL_TIMEx_BreakCallback  stm32f2xx_hal_tim_ex.o
    0x08001f36   0x08001f36   0x00000002   Code   RO         4272    i.HAL_TIMEx_CommutCallback  stm32f2xx_hal_tim_ex.o
    0x08001f38   0x08001f38   0x00000036   Code   RO         3596    i.HAL_TIM_Base_Init  stm32f2xx_hal_tim.o
    0x08001f6e   0x08001f6e   0x00000002   Code   RO         3598    i.HAL_TIM_Base_MspInit  stm32f2xx_hal_tim.o
    0x08001f70   0x08001f70   0x00000022   Code   RO         3601    i.HAL_TIM_Base_Start_IT  stm32f2xx_hal_tim.o
    0x08001f92   0x08001f92   0x00000002   Code   RO         3625    i.HAL_TIM_IC_CaptureCallback  stm32f2xx_hal_tim.o
    0x08001f94   0x08001f94   0x00000166   Code   RO         3639    i.HAL_TIM_IRQHandler  stm32f2xx_hal_tim.o
    0x080020fa   0x080020fa   0x00000002   Code   RO         3642    i.HAL_TIM_OC_DelayElapsedCallback  stm32f2xx_hal_tim.o
    0x080020fc   0x080020fc   0x00000002   Code   RO         3669    i.HAL_TIM_PWM_PulseFinishedCallback  stm32f2xx_hal_tim.o
    0x080020fe   0x080020fe   0x00000002   PAD
    0x08002100   0x08002100   0x00000014   Code   RO           14    i.HAL_TIM_PeriodElapsedCallback  main.o
    0x08002114   0x08002114   0x00000002   Code   RO         3682    i.HAL_TIM_TriggerCallback  stm32f2xx_hal_tim.o
    0x08002116   0x08002116   0x00000062   Code   RO         4547    i.HAL_UART_Init     stm32f2xx_hal_uart.o
    0x08002178   0x08002178   0x000000d8   Code   RO          558    i.HAL_UART_MspInit  usart.o
    0x08002250   0x08002250   0x00000002   Code   RO          988    i.HardFault_Handler  stm32f2xx_it.o
    0x08002252   0x08002252   0x00000002   PAD
    0x08002254   0x08002254   0x00000038   Code   RO          842    i.IntToUnicode      usbd_desc.o
    0x0800228c   0x0800228c   0x0000003c   Code   RO          264    i.MX_CAN1_Init      can.o
    0x080022c8   0x080022c8   0x0000008c   Code   RO          304    i.MX_DMA_Init       dma.o
    0x08002354   0x08002354   0x00000030   Code   RO          328    i.MX_FREERTOS_Init  freertos.o
    0x08002384   0x08002384   0x00000060   Code   RO          398    i.MX_FSMC_Init      fsmc.o
    0x080023e4   0x080023e4   0x0000011c   Code   RO          238    i.MX_GPIO_Init      gpio.o
    0x08002500   0x08002500   0x00000044   Code   RO          445    i.MX_SPI1_Init      spi.o
    0x08002544   0x08002544   0x00000044   Code   RO          446    i.MX_SPI3_Init      spi.o
    0x08002588   0x08002588   0x00000038   Code   RO          559    i.MX_USART1_UART_Init  usart.o
    0x080025c0   0x080025c0   0x00000054   Code   RO          599    i.MX_USB_DEVICE_Init  usb_device.o
    0x08002614   0x08002614   0x00000002   Code   RO          989    i.MemManage_Handler  stm32f2xx_it.o
    0x08002616   0x08002616   0x00000004   Code   RO          990    i.NMI_Handler       stm32f2xx_it.o
    0x0800261a   0x0800261a   0x00000002   PAD
    0x0800261c   0x0800261c   0x0000000c   Code   RO          991    i.OTG_HS_IRQHandler  stm32f2xx_it.o
    0x08002628   0x08002628   0x000000dc   Code   RO         1184    i.PCD_EP_OutXfrComplete_int  stm32f2xx_hal_pcd.o
    0x08002704   0x08002704   0x000000a2   Code   RO         1185    i.PCD_WriteEmptyTxFifo  stm32f2xx_hal_pcd.o
    0x080027a6   0x080027a6   0x0000000c   Code   RO          329    i.StartDefaultTask  freertos.o
    0x080027b2   0x080027b2   0x00000002   PAD
    0x080027b4   0x080027b4   0x0000002c   Code   RO         6444    i.SysTick_Handler   port.o
    0x080027e0   0x080027e0   0x0000005a   Code   RO           15    i.SystemClock_Config  main.o
    0x0800283a   0x0800283a   0x00000002   PAD
    0x0800283c   0x0800283c   0x00000048   Code   RO         4849    i.SystemInit        system_stm32f2xx.o
    0x08002884   0x08002884   0x0000000c   Code   RO          992    i.TIM1_UP_TIM10_IRQHandler  stm32f2xx_it.o
    0x08002890   0x08002890   0x000000c8   Code   RO         3684    i.TIM_Base_SetConfig  stm32f2xx_hal_tim.o
    0x08002958   0x08002958   0x00000188   Code   RO         4573    i.UART_SetConfig    stm32f2xx_hal_uart.o
    0x08002ae0   0x08002ae0   0x0000004a   Code   RO         6786    i.USBD_CDC_DataIn   usbd_cdc.o
    0x08002b2a   0x08002b2a   0x0000002e   Code   RO         6787    i.USBD_CDC_DataOut  usbd_cdc.o
    0x08002b58   0x08002b58   0x00000044   Code   RO         6788    i.USBD_CDC_DeInit   usbd_cdc.o
    0x08002b9c   0x08002b9c   0x00000024   Code   RO         6789    i.USBD_CDC_EP0_RxReady  usbd_cdc.o
    0x08002bc0   0x08002bc0   0x0000000c   Code   RO         6790    i.USBD_CDC_GetDeviceQualifierDescriptor  usbd_cdc.o
    0x08002bcc   0x08002bcc   0x0000000c   Code   RO         6791    i.USBD_CDC_GetFSCfgDesc  usbd_cdc.o
    0x08002bd8   0x08002bd8   0x0000000c   Code   RO         6792    i.USBD_CDC_GetHSCfgDesc  usbd_cdc.o
    0x08002be4   0x08002be4   0x0000000c   Code   RO         6793    i.USBD_CDC_GetOtherSpeedCfgDesc  usbd_cdc.o
    0x08002bf0   0x08002bf0   0x00000094   Code   RO         6794    i.USBD_CDC_Init     usbd_cdc.o
    0x08002c84   0x08002c84   0x00000028   Code   RO         6795    i.USBD_CDC_ReceivePacket  usbd_cdc.o
    0x08002cac   0x08002cac   0x00000010   Code   RO         6796    i.USBD_CDC_RegisterInterface  usbd_cdc.o
    0x08002cbc   0x08002cbc   0x0000000c   Code   RO         6797    i.USBD_CDC_SetRxBuffer  usbd_cdc.o
    0x08002cc8   0x08002cc8   0x00000010   Code   RO         6798    i.USBD_CDC_SetTxBuffer  usbd_cdc.o
    0x08002cd8   0x08002cd8   0x000000ac   Code   RO         6799    i.USBD_CDC_Setup    usbd_cdc.o
    0x08002d84   0x08002d84   0x0000000e   Code   RO         6523    i.USBD_ClrClassConfig  usbd_core.o
    0x08002d92   0x08002d92   0x00000010   Code   RO         6726    i.USBD_CtlContinueRx  usbd_ioreq.o
    0x08002da2   0x08002da2   0x00000010   Code   RO         6727    i.USBD_CtlContinueSendData  usbd_ioreq.o
    0x08002db2   0x08002db2   0x00000016   Code   RO         6661    i.USBD_CtlError     usbd_ctlreq.o
    0x08002dc8   0x08002dc8   0x0000001e   Code   RO         6728    i.USBD_CtlPrepareRx  usbd_ioreq.o
    0x08002de6   0x08002de6   0x00000016   Code   RO         6729    i.USBD_CtlReceiveStatus  usbd_ioreq.o
    0x08002dfc   0x08002dfc   0x0000001a   Code   RO         6730    i.USBD_CtlSendData  usbd_ioreq.o
    0x08002e16   0x08002e16   0x00000016   Code   RO         6731    i.USBD_CtlSendStatus  usbd_ioreq.o
    0x08002e2c   0x08002e2c   0x000000e8   Code   RO         6662    i.USBD_GetDescriptor  usbd_ctlreq.o
    0x08002f14   0x08002f14   0x00000048   Code   RO         6663    i.USBD_GetString    usbd_ctlreq.o
    0x08002f5c   0x08002f5c   0x00000018   Code   RO          660    i.USBD_Get_USB_Status  usbd_conf.o
    0x08002f74   0x08002f74   0x00000020   Code   RO          843    i.USBD_HS_ConfigStrDescriptor  usbd_desc.o
    0x08002f94   0x08002f94   0x0000000c   Code   RO          844    i.USBD_HS_DeviceDescriptor  usbd_desc.o
    0x08002fa0   0x08002fa0   0x00000024   Code   RO          845    i.USBD_HS_InterfaceStrDescriptor  usbd_desc.o
    0x08002fc4   0x08002fc4   0x0000000c   Code   RO          846    i.USBD_HS_LangIDStrDescriptor  usbd_desc.o
    0x08002fd0   0x08002fd0   0x00000028   Code   RO          847    i.USBD_HS_ManufacturerStrDescriptor  usbd_desc.o
    0x08002ff8   0x08002ff8   0x0000002c   Code   RO          848    i.USBD_HS_ProductStrDescriptor  usbd_desc.o
    0x08003024   0x08003024   0x00000038   Code   RO          849    i.USBD_HS_SerialStrDescriptor  usbd_desc.o
    0x0800305c   0x0800305c   0x0000002a   Code   RO         6525    i.USBD_Init         usbd_core.o
    0x08003086   0x08003086   0x00000012   Code   RO          661    i.USBD_LL_ClearStallEP  usbd_conf.o
    0x08003098   0x08003098   0x00000012   Code   RO          662    i.USBD_LL_CloseEP   usbd_conf.o
    0x080030aa   0x080030aa   0x000000c6   Code   RO         6526    i.USBD_LL_DataInStage  usbd_core.o
    0x08003170   0x08003170   0x00000082   Code   RO         6527    i.USBD_LL_DataOutStage  usbd_core.o
    0x080031f2   0x080031f2   0x00000004   Code   RO         6528    i.USBD_LL_DevConnected  usbd_core.o
    0x080031f6   0x080031f6   0x00000016   Code   RO         6529    i.USBD_LL_DevDisconnected  usbd_core.o
    0x0800320c   0x0800320c   0x00000008   Code   RO          666    i.USBD_LL_GetRxDataSize  usbd_conf.o
    0x08003214   0x08003214   0x00000068   Code   RO          667    i.USBD_LL_Init      usbd_conf.o
    0x0800327c   0x0800327c   0x00000020   Code   RO          668    i.USBD_LL_IsStallEP  usbd_conf.o
    0x0800329c   0x0800329c   0x00000004   Code   RO         6530    i.USBD_LL_IsoINIncomplete  usbd_core.o
    0x080032a0   0x080032a0   0x00000004   Code   RO         6531    i.USBD_LL_IsoOUTIncomplete  usbd_core.o
    0x080032a4   0x080032a4   0x00000018   Code   RO          669    i.USBD_LL_OpenEP    usbd_conf.o
    0x080032bc   0x080032bc   0x00000012   Code   RO          670    i.USBD_LL_PrepareReceive  usbd_conf.o
    0x080032ce   0x080032ce   0x00000050   Code   RO         6532    i.USBD_LL_Reset     usbd_core.o
    0x0800331e   0x0800331e   0x00000014   Code   RO         6533    i.USBD_LL_Resume    usbd_core.o
    0x08003332   0x08003332   0x00000018   Code   RO         6534    i.USBD_LL_SOF       usbd_core.o
    0x0800334a   0x0800334a   0x00000006   Code   RO         6535    i.USBD_LL_SetSpeed  usbd_core.o
    0x08003350   0x08003350   0x00000012   Code   RO          671    i.USBD_LL_SetUSBAddress  usbd_conf.o
    0x08003362   0x08003362   0x0000005a   Code   RO         6536    i.USBD_LL_SetupStage  usbd_core.o
    0x080033bc   0x080033bc   0x00000012   Code   RO          672    i.USBD_LL_StallEP   usbd_conf.o
    0x080033ce   0x080033ce   0x00000012   Code   RO          673    i.USBD_LL_Start     usbd_conf.o
    0x080033e0   0x080033e0   0x00000012   Code   RO         6537    i.USBD_LL_Suspend   usbd_core.o
    0x080033f2   0x080033f2   0x00000012   Code   RO          675    i.USBD_LL_Transmit  usbd_conf.o
    0x08003404   0x08003404   0x00000028   Code   RO         6664    i.USBD_ParseSetupRequest  usbd_ctlreq.o
    0x0800342c   0x0800342c   0x00000010   Code   RO         6538    i.USBD_RegisterClass  usbd_core.o
    0x0800343c   0x0800343c   0x00000016   Code   RO         6540    i.USBD_SetClassConfig  usbd_core.o
    0x08003452   0x08003452   0x00000002   PAD
    0x08003454   0x08003454   0x00000084   Code   RO         6665    i.USBD_SetConfig    usbd_ctlreq.o
    0x080034d8   0x080034d8   0x0000000a   Code   RO         6541    i.USBD_Start        usbd_core.o
    0x080034e2   0x080034e2   0x00000112   Code   RO         6666    i.USBD_StdDevReq    usbd_ctlreq.o
    0x080035f4   0x080035f4   0x00000150   Code   RO         6667    i.USBD_StdEPReq     usbd_ctlreq.o
    0x08003744   0x08003744   0x0000004e   Code   RO         6668    i.USBD_StdItfReq    usbd_ctlreq.o
    0x08003792   0x08003792   0x00000002   PAD
    0x08003794   0x08003794   0x00000080   Code   RO         1373    i.USB_ActivateEndpoint  stm32f2xx_ll_usb.o
    0x08003814   0x08003814   0x00000034   Code   RO         1375    i.USB_ActivateSetup  stm32f2xx_ll_usb.o
    0x08003848   0x08003848   0x0000006c   Code   RO         1377    i.USB_CoreInit      stm32f2xx_ll_usb.o
    0x080038b4   0x080038b4   0x00000038   Code   RO         1378    i.USB_CoreReset     stm32f2xx_ll_usb.o
    0x080038ec   0x080038ec   0x00000080   Code   RO         1381    i.USB_DeactivateEndpoint  stm32f2xx_ll_usb.o
    0x0800396c   0x0800396c   0x00000018   Code   RO         1382    i.USB_DevConnect    stm32f2xx_ll_usb.o
    0x08003984   0x08003984   0x00000018   Code   RO         1383    i.USB_DevDisconnect  stm32f2xx_ll_usb.o
    0x0800399c   0x0800399c   0x0000018c   Code   RO         1384    i.USB_DevInit       stm32f2xx_ll_usb.o
    0x08003b28   0x08003b28   0x0000000c   Code   RO         1385    i.USB_DisableGlobalInt  stm32f2xx_ll_usb.o
    0x08003b34   0x08003b34   0x00000118   Code   RO         1388    i.USB_EP0StartXfer  stm32f2xx_ll_usb.o
    0x08003c4c   0x08003c4c   0x00000058   Code   RO         1389    i.USB_EP0_OutStart  stm32f2xx_ll_usb.o
    0x08003ca4   0x08003ca4   0x00000058   Code   RO         1390    i.USB_EPClearStall  stm32f2xx_ll_usb.o
    0x08003cfc   0x08003cfc   0x00000058   Code   RO         1391    i.USB_EPSetStall    stm32f2xx_ll_usb.o
    0x08003d54   0x08003d54   0x000001e8   Code   RO         1392    i.USB_EPStartXfer   stm32f2xx_ll_usb.o
    0x08003f3c   0x08003f3c   0x0000000c   Code   RO         1393    i.USB_EnableGlobalInt  stm32f2xx_ll_usb.o
    0x08003f48   0x08003f48   0x00000020   Code   RO         1394    i.USB_FlushRxFifo   stm32f2xx_ll_usb.o
    0x08003f68   0x08003f68   0x00000024   Code   RO         1395    i.USB_FlushTxFifo   stm32f2xx_ll_usb.o
    0x08003f8c   0x08003f8c   0x0000001a   Code   RO         1397    i.USB_GetDevSpeed   stm32f2xx_ll_usb.o
    0x08003fa6   0x08003fa6   0x00000008   Code   RO         1399    i.USB_GetMode       stm32f2xx_ll_usb.o
    0x08003fae   0x08003fae   0x0000000e   Code   RO         1406    i.USB_ReadDevAllInEpInterrupt  stm32f2xx_ll_usb.o
    0x08003fbc   0x08003fbc   0x0000000e   Code   RO         1407    i.USB_ReadDevAllOutEpInterrupt  stm32f2xx_ll_usb.o
    0x08003fca   0x08003fca   0x00000024   Code   RO         1408    i.USB_ReadDevInEPInterrupt  stm32f2xx_ll_usb.o
    0x08003fee   0x08003fee   0x00000010   Code   RO         1409    i.USB_ReadDevOutEPInterrupt  stm32f2xx_ll_usb.o
    0x08003ffe   0x08003ffe   0x00000008   Code   RO         1410    i.USB_ReadInterrupts  stm32f2xx_ll_usb.o
    0x08004006   0x08004006   0x0000001c   Code   RO         1411    i.USB_ReadPacket    stm32f2xx_ll_usb.o
    0x08004022   0x08004022   0x0000002e   Code   RO         1413    i.USB_SetCurrentMode  stm32f2xx_ll_usb.o
    0x08004050   0x08004050   0x00000022   Code   RO         1414    i.USB_SetDevAddress  stm32f2xx_ll_usb.o
    0x08004072   0x08004072   0x00000002   PAD
    0x08004074   0x08004074   0x000000e8   Code   RO         1416    i.USB_SetTurnaroundTime  stm32f2xx_ll_usb.o
    0x0800415c   0x0800415c   0x00000024   Code   RO         1419    i.USB_WritePacket   stm32f2xx_ll_usb.o
    0x08004180   0x08004180   0x00000002   Code   RO          993    i.UsageFault_Handler  stm32f2xx_it.o
    0x08004182   0x08004182   0x00000020   Code   RO         2008    i.__NVIC_SetPriority  stm32f2xx_hal_cortex.o
    0x080041a2   0x080041a2   0x0000000e   Code   RO         6954    i.__scatterload_copy  mc_w.l(handlers.o)
    0x080041b0   0x080041b0   0x00000002   Code   RO         6955    i.__scatterload_null  mc_w.l(handlers.o)
    0x080041b2   0x080041b2   0x0000000e   Code   RO         6956    i.__scatterload_zeroinit  mc_w.l(handlers.o)
    0x080041c0   0x080041c0   0x00000050   Code   RO         6902    i.free              mc_w.l(malloc.o)
    0x08004210   0x08004210   0x0000002e   Code   RO           16    i.main              main.o
    0x0800423e   0x0800423e   0x00000002   PAD
    0x08004240   0x08004240   0x0000006c   Code   RO         6903    i.malloc            mc_w.l(malloc.o)
    0x080042ac   0x080042ac   0x00000034   Code   RO         5955    i.osDelay           cmsis_os2.o
    0x080042e0   0x080042e0   0x00000038   Code   RO         5969    i.osKernelInitialize  cmsis_os2.o
    0x08004318   0x08004318   0x00000040   Code   RO         5972    i.osKernelStart     cmsis_os2.o
    0x08004358   0x08004358   0x000000a4   Code   RO         6006    i.osThreadNew       cmsis_os2.o
    0x080043fc   0x080043fc   0x0000005c   Code   RO         5451    i.prvAddCurrentTaskToDelayedList  tasks.o
    0x08004458   0x08004458   0x000000d0   Code   RO         5452    i.prvAddNewTaskToReadyList  tasks.o
    0x08004528   0x08004528   0x00000058   Code   RO         5801    i.prvCheckForValidListAndQueue  timers.o
    0x08004580   0x08004580   0x00000026   Code   RO         5054    i.prvCopyDataFromQueue  queue.o
    0x080045a6   0x080045a6   0x0000006c   Code   RO         5055    i.prvCopyDataToQueue  queue.o
    0x08004612   0x08004612   0x00000034   Code   RO         5453    i.prvDeleteTCB      tasks.o
    0x08004646   0x08004646   0x00000002   PAD
    0x08004648   0x08004648   0x0000004c   Code   RO         6394    i.prvHeapInit       heap_4.o
    0x08004694   0x08004694   0x00000060   Code   RO         5454    i.prvIdleTask       tasks.o
    0x080046f4   0x080046f4   0x00000022   Code   RO         5057    i.prvInitialiseNewQueue  queue.o
    0x08004716   0x08004716   0x0000009c   Code   RO         5455    i.prvInitialiseNewTask  tasks.o
    0x080047b2   0x080047b2   0x00000002   PAD
    0x080047b4   0x080047b4   0x0000004c   Code   RO         6395    i.prvInsertBlockIntoFreeList  heap_4.o
    0x08004800   0x08004800   0x00000038   Code   RO         5803    i.prvInsertTimerInActiveList  timers.o
    0x08004838   0x08004838   0x0000001c   Code   RO         5058    i.prvIsQueueEmpty   queue.o
    0x08004854   0x08004854   0x000000cc   Code   RO         5804    i.prvProcessReceivedCommands  timers.o
    0x08004920   0x08004920   0x000000b4   Code   RO         5805    i.prvProcessTimerOrBlockTask  timers.o
    0x080049d4   0x080049d4   0x00000020   Code   RO         5457    i.prvResetNextTaskUnblockTime  tasks.o
    0x080049f4   0x080049f4   0x00000028   Code   RO         5806    i.prvSampleTimeNow  timers.o
    0x08004a1c   0x08004a1c   0x0000006c   Code   RO         5807    i.prvSwitchTimerLists  timers.o
    0x08004a88   0x08004a88   0x00000028   Code   RO         6445    i.prvTaskExitError  port.o
    0x08004ab0   0x08004ab0   0x00000024   Code   RO         5808    i.prvTimerTask      timers.o
    0x08004ad4   0x08004ad4   0x0000006a   Code   RO         5059    i.prvUnlockQueue    queue.o
    0x08004b3e   0x08004b3e   0x00000002   PAD
    0x08004b40   0x08004b40   0x000000e0   Code   RO         6396    i.pvPortMalloc      heap_4.o
    0x08004c20   0x08004c20   0x00000024   Code   RO         6446    i.pxPortInitialiseStack  port.o
    0x08004c44   0x08004c44   0x00000026   Code   RO         5014    i.uxListRemove      list.o
    0x08004c6a   0x08004c6a   0x00000002   PAD
    0x08004c6c   0x08004c6c   0x00000014   Code   RO         6018    i.vApplicationGetIdleTaskMemory  cmsis_os2.o
    0x08004c80   0x08004c80   0x00000018   Code   RO         6019    i.vApplicationGetTimerTaskMemory  cmsis_os2.o
    0x08004c98   0x08004c98   0x00000002   Code   RO          330    i.vApplicationMallocFailedHook  freertos.o
    0x08004c9a   0x08004c9a   0x00000002   Code   RO          331    i.vApplicationStackOverflowHook  freertos.o
    0x08004c9c   0x08004c9c   0x00000002   Code   RO          332    i.vApplicationTickHook  freertos.o
    0x08004c9e   0x08004c9e   0x00000016   Code   RO         5015    i.vListInitialise   list.o
    0x08004cb4   0x08004cb4   0x00000006   Code   RO         5016    i.vListInitialiseItem  list.o
    0x08004cba   0x08004cba   0x00000030   Code   RO         5017    i.vListInsert       list.o
    0x08004cea   0x08004cea   0x00000018   Code   RO         5018    i.vListInsertEnd    list.o
    0x08004d02   0x08004d02   0x00000002   PAD
    0x08004d04   0x08004d04   0x00000040   Code   RO         6448    i.vPortEnterCritical  port.o
    0x08004d44   0x08004d44   0x00000028   Code   RO         6449    i.vPortExitCritical  port.o
    0x08004d6c   0x08004d6c   0x0000005c   Code   RO         6397    i.vPortFree         heap_4.o
    0x08004dc8   0x08004dc8   0x00000024   Code   RO         6450    i.vPortSetupTimerInterrupt  port.o
    0x08004dec   0x08004dec   0x00000054   Code   RO         6451    i.vPortValidateInterruptPriority  port.o
    0x08004e40   0x08004e40   0x00000028   Code   RO         5065    i.vQueueAddToRegistry  queue.o
    0x08004e68   0x08004e68   0x00000044   Code   RO         5069    i.vQueueWaitForMessageRestricted  queue.o
    0x08004eac   0x08004eac   0x0000004c   Code   RO         5469    i.vTaskDelay        tasks.o
    0x08004ef8   0x08004ef8   0x00000010   Code   RO         5474    i.vTaskInternalSetTimeOutState  tasks.o
    0x08004f08   0x08004f08   0x0000000c   Code   RO         5475    i.vTaskMissedYield  tasks.o
    0x08004f14   0x08004f14   0x00000030   Code   RO         5477    i.vTaskPlaceOnEventList  tasks.o
    0x08004f44   0x08004f44   0x00000038   Code   RO         5478    i.vTaskPlaceOnEventListRestricted  tasks.o
    0x08004f7c   0x08004f7c   0x00000088   Code   RO         5486    i.vTaskStartScheduler  tasks.o
    0x08005004   0x08005004   0x00000010   Code   RO         5488    i.vTaskSuspendAll   tasks.o
    0x08005014   0x08005014   0x0000008c   Code   RO         5489    i.vTaskSwitchContext  tasks.o
    0x080050a0   0x080050a0   0x000000a8   Code   RO         6452    i.xPortStartScheduler  port.o
    0x08005148   0x08005148   0x00000066   Code   RO         5075    i.xQueueGenericCreateStatic  queue.o
    0x080051ae   0x080051ae   0x00000002   PAD
    0x080051b0   0x080051b0   0x00000088   Code   RO         5076    i.xQueueGenericReset  queue.o
    0x08005238   0x08005238   0x00000160   Code   RO         5077    i.xQueueGenericSend  queue.o
    0x08005398   0x08005398   0x000000bc   Code   RO         5078    i.xQueueGenericSendFromISR  queue.o
    0x08005454   0x08005454   0x00000138   Code   RO         5087    i.xQueueReceive     queue.o
    0x0800558c   0x0800558c   0x00000074   Code   RO         5490    i.xTaskCheckForTimeOut  tasks.o
    0x08005600   0x08005600   0x0000005a   Code   RO         5491    i.xTaskCreate       tasks.o
    0x0800565a   0x0800565a   0x00000056   Code   RO         5492    i.xTaskCreateStatic  tasks.o
    0x080056b0   0x080056b0   0x0000001c   Code   RO         5496    i.xTaskGetSchedulerState  tasks.o
    0x080056cc   0x080056cc   0x0000000c   Code   RO         5497    i.xTaskGetTickCount  tasks.o
    0x080056d8   0x080056d8   0x000000d0   Code   RO         5499    i.xTaskIncrementTick  tasks.o
    0x080057a8   0x080057a8   0x00000080   Code   RO         5502    i.xTaskPriorityDisinherit  tasks.o
    0x08005828   0x08005828   0x00000070   Code   RO         5504    i.xTaskRemoveFromEventList  tasks.o
    0x08005898   0x08005898   0x000000c4   Code   RO         5505    i.xTaskResumeAll    tasks.o
    0x0800595c   0x0800595c   0x00000060   Code   RO         5815    i.xTimerCreateTimerTask  timers.o
    0x080059bc   0x080059bc   0x00000068   Code   RO         5816    i.xTimerGenericCommand  timers.o
    0x08005a24   0x08005a24   0x00000024   Data   RO          333    .constdata          freertos.o
    0x08005a48   0x08005a48   0x00000008   Data   RO         2546    .constdata          stm32f2xx_hal_dma.o
    0x08005a50   0x08005a50   0x00000010   Data   RO         4850    .constdata          system_stm32f2xx.o
    0x08005a60   0x08005a60   0x00000008   Data   RO         4851    .constdata          system_stm32f2xx.o
    0x08005a68   0x08005a68   0x0000000c   Data   RO          334    .conststring        freertos.o
    0x08005a74   0x08005a74   0x00000020   Data   RO         6952    Region$$Table       anon$$obj.o


    Execution Region RW_IRAM1 (Exec base: 0x20000000, Load base: 0x08005a94, Size: 0x00006d80, Max: 0x00020000, ABSOLUTE, COMPRESSED[0x000000c8])

    Exec Addr    Load Addr    Size         Type   Attr      Idx    E Section Name        Object

    0x20000000   COMPRESSED   0x00000004   Data   RW          335    .data               freertos.o
    0x20000004   COMPRESSED   0x00000008   Data   RW          400    .data               fsmc.o
    0x2000000c   COMPRESSED   0x0000001c   Data   RW          851    .data               usbd_desc.o
    0x20000028   COMPRESSED   0x00000032   Data   RW          852    .data               usbd_desc.o
    0x2000005a   COMPRESSED   0x00000002   PAD
    0x2000005c   COMPRESSED   0x00000010   Data   RW          934    .data               usbd_cdc_if.o
    0x2000006c   COMPRESSED   0x0000000c   Data   RW         1699    .data               stm32f2xx_hal.o
    0x20000078   COMPRESSED   0x00000004   Data   RW         4852    .data               system_stm32f2xx.o
    0x2000007c   COMPRESSED   0x0000003c   Data   RW         5508    .data               tasks.o
    0x200000b8   COMPRESSED   0x00000014   Data   RW         5824    .data               timers.o
    0x200000cc   COMPRESSED   0x00000004   Data   RW         6024    .data               cmsis_os2.o
    0x200000d0   COMPRESSED   0x00000018   Data   RW         6402    .data               heap_4.o
    0x200000e8   COMPRESSED   0x0000000c   Data   RW         6453    .data               port.o
    0x200000f4   COMPRESSED   0x00000001   Data   RW         6669    .data               usbd_ctlreq.o
    0x200000f5   COMPRESSED   0x00000003   PAD
    0x200000f8   COMPRESSED   0x000000d7   Data   RW         6801    .data               usbd_cdc.o
    0x200001cf   COMPRESSED   0x00000001   PAD
    0x200001d0   COMPRESSED   0x00000038   Data   RW         6802    .data               usbd_cdc.o
    0x20000208   COMPRESSED   0x00000004   Data   RW         6948    .data               mc_w.l(mvars.o)
    0x2000020c   COMPRESSED   0x00000004   Data   RW         6949    .data               mc_w.l(mvars.o)
    0x20000210        -       0x00000028   Zero   RW          265    .bss                can.o
    0x20000238        -       0x00000040   Zero   RW          399    .bss                fsmc.o
    0x20000278        -       0x00000230   Zero   RW          447    .bss                spi.o
    0x200004a8        -       0x00000040   Zero   RW          521    .bss                stm32f2xx_hal_timebase_tim.o
    0x200004e8        -       0x00000100   Zero   RW          560    .bss                usart.o
    0x200005e8        -       0x000002c4   Zero   RW          600    .bss                usb_device.o
    0x200008ac        -       0x00000400   Zero   RW          676    .bss                usbd_conf.o
    0x20000cac        -       0x00000200   Zero   RW          850    .bss                usbd_desc.o
    0x20000eac        -       0x00001000   Zero   RW          933    .bss                usbd_cdc_if.o
    0x20001eac        -       0x00000040   Zero   RW         5091    .bss                queue.o
    0x20001eec        -       0x000004c4   Zero   RW         5507    .bss                tasks.o
    0x200023b0        -       0x00000118   Zero   RW         5823    .bss                timers.o
    0x200024c8        -       0x000006b8   Zero   RW         6023    .bss                cmsis_os2.o
    0x20002b80        -       0x00003c00   Zero   RW         6401    .bss                heap_4.o
    0x20006780        -       0x00000200   Zero   RW            2    HEAP                startup_stm32f215xx.o
    0x20006980        -       0x00000400   Zero   RW            1    STACK               startup_stm32f215xx.o


==============================================================================

Image component sizes


      Code (inc. data)   RO Data    RW Data    ZI Data      Debug   Object Name

       168         22          0          0         40       1525   can.o
       380         32          0          4       1720      14154   cmsis_os2.o
       140          4          0          0          0        770   dma.o
         0          0          0          0          0      19992   event_groups.o
        66         12         48          4          0       8340   freertos.o
       240         32          0          8         64       2035   fsmc.o
       284         16          0          0          0       1051   gpio.o
       468         22          0         24      15360       4575   heap_4.o
       138          0          0          0          0       3270   list.o
       158          6          0          0          0     667772   main.o
       662         70          0         12          0      10569   port.o
      1512         20          0          0         64      16596   queue.o
       548         56          0          0        560       2542   spi.o
        36          8        388          0       1536        784   startup_stm32f215xx.o
       116         18          0         12          0       8270   stm32f2xx_hal.o
       282          0          0          0          0       1283   stm32f2xx_hal_can.o
       158         14          0          0          0      29774   stm32f2xx_hal_cortex.o
       752         16          8          0          0       3856   stm32f2xx_hal_dma.o
       502         48          0          0          0       2300   stm32f2xx_hal_gpio.o
        56          4          0          0          0        778   stm32f2xx_hal_msp.o
        98          0          0          0          0       1196   stm32f2xx_hal_nand.o
      2320         18          0          0          0      12085   stm32f2xx_hal_pcd.o
        76          0          0          0          0       1724   stm32f2xx_hal_pcd_ex.o
      1470         98          0          0          0       7504   stm32f2xx_hal_rcc.o
       128          0          0          0          0       1159   stm32f2xx_hal_spi.o
       656         44          0          0          0       6764   stm32f2xx_hal_tim.o
         4          0          0          0          0       1489   stm32f2xx_hal_tim_ex.o
       116         16          0          0         64       1332   stm32f2xx_hal_timebase_tim.o
       490         10          0          0          0       1932   stm32f2xx_hal_uart.o
       110         48          0          0          0       5748   stm32f2xx_it.o
       152          6          0          0          0       3708   stm32f2xx_ll_fsmc.o
      2538        142          0          0          0      21155   stm32f2xx_ll_usb.o
         0          0          0          0          0       8800   stream_buffer.o
        72         18         24          4          0       1087   system_stm32f2xx.o
      2112        166          0         60       1220      22840   tasks.o
       912         82          0         20        280      25611   timers.o
       272         28          0          0        256       1748   usart.o
        84         18          0          0        708       2451   usb_device.o
       676         16          0        271          0      11956   usbd_cdc.o
        68         16          0         16       4096       2402   usbd_cdc_if.o
       726         36          0          0       1024      13756   usbd_conf.o
       704          0          0          0          0      11409   usbd_core.o
      1186         28          0          1          0       7736   usbd_ctlreq.o
       288        104          0         78        512       5461   usbd_desc.o
       132          0          0          0          0       4184   usbd_ioreq.o

    ----------------------------------------------------------------------
     22096       1294        500        520      27504     985473   Object Totals
         0          0         32          0          0          0   (incl. Generated)
        40          0          0          6          0          0   (incl. Padding)

    ----------------------------------------------------------------------

      Code (inc. data)   RO Data    RW Data    ZI Data      Debug   Library Member Name

        86          0          0          0          0          0   __dczerorl2.o
         0          0          0          0          0          0   entry.o
         0          0          0          0          0          0   entry10a.o
         0          0          0          0          0          0   entry11a.o
         8          4          0          0          0          0   entry2.o
         4          0          0          0          0          0   entry5.o
         0          0          0          0          0          0   entry7b.o
         0          0          0          0          0          0   entry8b.o
         8          4          0          0          0          0   entry9a.o
        30          0          0          0          0          0   handlers.o
        36          8          0          0          0         68   init.o
        30          0          0          0          0         68   llshl.o
        32          0          0          0          0         68   llushr.o
       188         20          0          0          0        160   malloc.o
        36          0          0          0          0         68   memcpya.o
        36          0          0          0          0        108   memseta.o
         0          0          0          8          0          0   mvars.o
        98          0          0          0          0         92   uldiv.o

    ----------------------------------------------------------------------
       592         36          0          8          0        632   Library Totals
         0          0          0          0          0          0   (incl. Padding)

    ----------------------------------------------------------------------

      Code (inc. data)   RO Data    RW Data    ZI Data      Debug   Library Name

       592         36          0          8          0        632   mc_w.l

    ----------------------------------------------------------------------
       592         36          0          8          0        632   Library Totals

    ----------------------------------------------------------------------

==============================================================================


      Code (inc. data)   RO Data    RW Data    ZI Data      Debug   

     22688       1330        500        528      27504     971985   Grand Totals
     22688       1330        500        200      27504     971985   ELF Image Totals (compressed)
     22688       1330        500        200          0          0   ROM Totals

==============================================================================

    Total RO  Size (Code + RO Data)                23188 (  22.64kB)
    Total RW  Size (RW Data + ZI Data)             28032 (  27.38kB)
    Total ROM Size (Code + RO Data + RW Data)      23388 (  22.84kB)

==============================================================================

