<html>
<body>
<pre>
<h1>µVision Build Log</h1>
<h2>Tool Versions:</h2>
IDE-Version: µVision V5.28.0.0
Copyright (C) 2019 ARM Ltd and ARM Germany GmbH. All rights reserved.
License Information: mensh mensh, mensh, LIC=S5IDY-I4KW9-AU04J-UI6RG-X7RGE-7JRH9
 
Tool Versions:
Toolchain:       MDK-ARM Professional  Version: 5.28.0.0
Toolchain Path:  C:\Keil_v5\ARM\ARMCC\Bin
C Compiler:      Armcc.exe V5.06 update 6 (build 750)
Assembler:       Armasm.exe V5.06 update 6 (build 750)
Linker/Locator:  ArmLink.exe V5.06 update 6 (build 750)
Library Manager: ArmAr.exe V5.06 update 6 (build 750)
Hex Converter:   FromElf.exe V5.06 update 6 (build 750)
CPU DLL:         SARMCM3.DLL V5.28.0.0
Dialog DLL:      DCM.DLL V1.17.3.0
Target DLL:      STLink\ST-LINKIII-KEIL_SWO.dll V3.0.6.0
Dialog DLL:      TCM.DLL V1.36.2.0
 
<h2>Project:</h2>
D:\SparkleShare\BHD_Ethernet_OS\MDK-ARM\BHD_Ethernet_OS.UVprojx
Project File Date:  12/17/2019

<h2>Output:</h2>
*** Using Compiler 'V5.06 update 6 (build 750)', folder: 'C:\Keil_v5\ARM\ARMCC\Bin'
Build target 'BHD_Ethernet_OS'
assembling startup_stm32f215xx.s...
compiling gpio.c...
compiling can.c...
compiling main.c...
compiling dma.c...
compiling freertos.c...
compiling fsmc.c...
compiling spi.c...
compiling stm32f2xx_hal_timebase_tim.c...
compiling sys.c...
compiling usart.c...
compiling usb_device.c...
compiling usbd_conf.c...
compiling usbd_desc.c...
compiling usbd_cdc_if.c...
compiling stm32f2xx_it.c...
compiling stm32f2xx_hal_msp.c...
compiling stm32f2xx_hal_pcd_ex.c...
compiling stm32f2xx_hal_pcd.c...
compiling stm32f2xx_ll_usb.c...
compiling stm32f2xx_hal.c...
compiling stm32f2xx_hal_rcc.c...
compiling stm32f2xx_hal_rcc_ex.c...
compiling stm32f2xx_hal_cortex.c...
compiling stm32f2xx_hal_flash.c...
compiling stm32f2xx_hal_flash_ex.c...
compiling stm32f2xx_hal_pwr.c...
compiling stm32f2xx_hal_pwr_ex.c...
compiling stm32f2xx_hal_gpio.c...
compiling stm32f2xx_hal_dma.c...
compiling stm32f2xx_hal_dma_ex.c...
compiling stm32f2xx_hal_exti.c...
compiling stm32f2xx_hal_can.c...
compiling stm32f2xx_ll_fsmc.c...
compiling stm32f2xx_hal_nand.c...
compiling stm32f2xx_hal_spi.c...
compiling stm32f2xx_hal_tim.c...
compiling stm32f2xx_hal_tim_ex.c...
compiling croutine.c...
compiling event_groups.c...
compiling list.c...
compiling queue.c...
compiling stream_buffer.c...
compiling tasks.c...
compiling timers.c...
compiling stm32f2xx_hal_uart.c...
compiling heap_4.c...
compiling cmsis_os2.c...
compiling port.c...
compiling system_stm32f2xx.c...
compiling usbd_ctlreq.c...
compiling usbd_core.c...
compiling usbd_ioreq.c...
compiling usbd_cdc.c...
linking...
Program Size: Code=22688 RO-data=500 RW-data=528 ZI-data=27504  
FromELF: creating hex file...
"BHD_Ethernet_OS\BHD_Ethernet_OS.axf" - 0 Error(s), 0 Warning(s).

<h2>Software Packages used:</h2>

Package Vendor: ARM
                http://www.keil.com/pack/ARM.CMSIS.5.6.0.pack
                ARM.CMSIS.5.6.0
                CMSIS (Cortex Microcontroller Software Interface Standard)
   * Component: CORE Version: 5.3.0

Package Vendor: Keil
                http://www.keil.com/pack/Keil.STM32F2xx_DFP.2.9.0.pack
                Keil.STM32F2xx_DFP.2.9.0
                STMicroelectronics STM32F2 Series Device Support, Drivers and Examples

<h2>Collection of Component include folders:</h2>
  .\RTE\_BHD_Ethernet_OS
  C:\Users\semen\AppData\Local\Arm\Packs\ARM\CMSIS\5.6.0\CMSIS\Core\Include
  C:\Users\semen\AppData\Local\Arm\Packs\Keil\STM32F2xx_DFP\2.9.0\Drivers\CMSIS\Device\ST\STM32F2xx\Include

<h2>Collection of Component Files used:</h2>

   * Component: ARM::CMSIS:CORE:5.3.0
Build Time Elapsed:  00:02:18
</pre>
</body>
</html>
